Component: ARM Compiler 5.06 update 6 (build 750) Tool: armlink [4d35ed]

==============================================================================

Section Cross References

    startup_stm32f103xb.o(RESET) refers to startup_stm32f103xb.o(STACK) for __initial_sp
    startup_stm32f103xb.o(RESET) refers to startup_stm32f103xb.o(.text) for Reset_Handler
    startup_stm32f103xb.o(RESET) refers to stm32f1xx_it.o(i.NMI_Handler) for NMI_Handler
    startup_stm32f103xb.o(RESET) refers to stm32f1xx_it.o(i.HardFault_Handler) for HardFault_Handler
    startup_stm32f103xb.o(RESET) refers to stm32f1xx_it.o(i.MemManage_Handler) for MemManage_Handler
    startup_stm32f103xb.o(RESET) refers to stm32f1xx_it.o(i.BusFault_Handler) for BusFault_Handler
    startup_stm32f103xb.o(RESET) refers to stm32f1xx_it.o(i.UsageFault_Handler) for UsageFault_Handler
    startup_stm32f103xb.o(RESET) refers to stm32f1xx_it.o(i.SVC_Handler) for SVC_Handler
    startup_stm32f103xb.o(RESET) refers to stm32f1xx_it.o(i.DebugMon_Handler) for DebugMon_Handler
    startup_stm32f103xb.o(RESET) refers to stm32f1xx_it.o(i.PendSV_Handler) for PendSV_Handler
    startup_stm32f103xb.o(RESET) refers to stm32f1xx_it.o(i.SysTick_Handler) for SysTick_Handler
    startup_stm32f103xb.o(RESET) refers to stm32f1xx_it.o(i.DMA1_Channel4_IRQHandler) for DMA1_Channel4_IRQHandler
    startup_stm32f103xb.o(RESET) refers to stm32f1xx_it.o(i.DMA1_Channel5_IRQHandler) for DMA1_Channel5_IRQHandler
    startup_stm32f103xb.o(RESET) refers to stm32f1xx_it.o(i.USART1_IRQHandler) for USART1_IRQHandler
    startup_stm32f103xb.o(RESET) refers to stm32f1xx_it.o(i.USART3_IRQHandler) for USART3_IRQHandler
    startup_stm32f103xb.o(.text) refers to system_stm32f1xx.o(i.SystemInit) for SystemInit
    startup_stm32f103xb.o(.text) refers to entry.o(.ARM.Collect$$$$00000000) for __main
    24c02.o(i.AT24C02_FlushAll) refers to 24c02.o(i.AT24C02_WriteOnePage) for AT24C02_WriteOnePage
    24c02.o(i.AT24C02_Read) refers to stm32f1xx_hal_i2c.o(i.HAL_I2C_Mem_Read) for HAL_I2C_Mem_Read
    24c02.o(i.AT24C02_Read) refers to main.o(.bss) for hi2c1
    24c02.o(i.AT24C02_ReadOneByte) refers to stm32f1xx_hal_i2c.o(i.HAL_I2C_Mem_Read) for HAL_I2C_Mem_Read
    24c02.o(i.AT24C02_ReadOneByte) refers to main.o(.bss) for hi2c1
    24c02.o(i.AT24C02_WriteOneByte) refers to stm32f1xx_hal_i2c.o(i.HAL_I2C_Mem_Write) for HAL_I2C_Mem_Write
    24c02.o(i.AT24C02_WriteOneByte) refers to stm32f1xx_hal.o(i.HAL_Delay) for HAL_Delay
    24c02.o(i.AT24C02_WriteOneByte) refers to main.o(.bss) for hi2c1
    24c02.o(i.AT24C02_WriteOnePage) refers to stm32f1xx_hal_i2c.o(i.HAL_I2C_Mem_Write) for HAL_I2C_Mem_Write
    24c02.o(i.AT24C02_WriteOnePage) refers to stm32f1xx_hal.o(i.HAL_Delay) for HAL_Delay
    24c02.o(i.AT24C02_WriteOnePage) refers to main.o(.bss) for hi2c1
    delay.o(i.Delay_MS) refers to stm32f1xx_hal.o(i.HAL_Delay) for HAL_Delay
    delay.o(i.Delay_US) refers to stm32f1xx_hal_rcc.o(i.HAL_RCC_GetHCLKFreq) for HAL_RCC_GetHCLKFreq
    esp8266.o(i.ESP8266_ATSendBuf) refers to printf3.o(i.__0printf$3) for __2printf
    esp8266.o(i.ESP8266_ATSendBuf) refers to stm32f1xx_hal_uart.o(i.HAL_UART_Transmit) for HAL_UART_Transmit
    esp8266.o(i.ESP8266_ATSendBuf) refers to main.o(.bss) for huart1
    esp8266.o(i.ESP8266_ATSendString) refers to strcpy.o(.text) for strcpy
    esp8266.o(i.ESP8266_ATSendString) refers to printf3.o(i.__0printf$3) for __2printf
    esp8266.o(i.ESP8266_ATSendString) refers to strlen.o(.text) for strlen
    esp8266.o(i.ESP8266_ATSendString) refers to stm32f1xx_hal_uart.o(i.HAL_UART_Transmit) for HAL_UART_Transmit
    esp8266.o(i.ESP8266_ATSendString) refers to esp8266.o(.bss) for .bss
    esp8266.o(i.ESP8266_ATSendString) refers to main.o(.bss) for huart1
    esp8266.o(i.ESP8266_Check) refers to esp8266.o(i.USART1_ClearRX) for USART1_ClearRX
    esp8266.o(i.ESP8266_Check) refers to esp8266.o(i.ESP8266_ATSendString) for ESP8266_ATSendString
    esp8266.o(i.ESP8266_Check) refers to esp8266.o(i.FindStr) for FindStr
    esp8266.o(i.ESP8266_Check) refers to esp8266.o(.bss) for .bss
    esp8266.o(i.ESP8266_CloseConfigServer) refers to esp8266.o(i.USART1_ClearRX) for USART1_ClearRX
    esp8266.o(i.ESP8266_CloseConfigServer) refers to esp8266.o(i.ESP8266_ATSendString) for ESP8266_ATSendString
    esp8266.o(i.ESP8266_CloseConfigServer) refers to delay.o(i.Delay_MS) for Delay_MS
    esp8266.o(i.ESP8266_CloseConfigServer) refers to esp8266.o(i.FindStr) for FindStr
    esp8266.o(i.ESP8266_CloseConfigServer) refers to esp8266.o(.bss) for .bss
    esp8266.o(i.ESP8266_ConnectAP) refers to esp8266.o(i.USART1_ClearRX) for USART1_ClearRX
    esp8266.o(i.ESP8266_ConnectAP) refers to esp8266.o(i.ESP8266_ATSendString) for ESP8266_ATSendString
    esp8266.o(i.ESP8266_ConnectAP) refers to delay.o(i.Delay_MS) for Delay_MS
    esp8266.o(i.ESP8266_ConnectAP) refers to esp8266.o(i.FindStr) for FindStr
    esp8266.o(i.ESP8266_ConnectAP) refers to esp8266.o(i.USART1_ClearTX) for USART1_ClearTX
[...]
    Removing stm32f1xx_hal_tim.o(i.HAL_TIM_ErrorCallback), (2 bytes).
    Removing stm32f1xx_hal_tim.o(i.HAL_TIM_GenerateEvent), (38 bytes).
    Removing stm32f1xx_hal_tim.o(i.HAL_TIM_IC_CaptureCallback), (2 bytes).
    Removing stm32f1xx_hal_tim.o(i.HAL_TIM_IC_CaptureHalfCpltCallback), (2 bytes).
    Removing stm32f1xx_hal_tim.o(i.HAL_TIM_IC_ConfigChannel), (282 bytes).
    Removing stm32f1xx_hal_tim.o(i.HAL_TIM_IC_DeInit), (56 bytes).
    Removing stm32f1xx_hal_tim.o(i.HAL_TIM_IC_GetState), (6 bytes).
    Removing stm32f1xx_hal_tim.o(i.HAL_TIM_IC_Init), (54 bytes).
    Removing stm32f1xx_hal_tim.o(i.HAL_TIM_IC_MspDeInit), (2 bytes).
    Removing stm32f1xx_hal_tim.o(i.HAL_TIM_IC_MspInit), (2 bytes).
    Removing stm32f1xx_hal_tim.o(i.HAL_TIM_IC_Start), (36 bytes).
    Removing stm32f1xx_hal_tim.o(i.HAL_TIM_IC_Start_DMA), (248 bytes).
    Removing stm32f1xx_hal_tim.o(i.HAL_TIM_IC_Start_IT), (86 bytes).
    Removing stm32f1xx_hal_tim.o(i.HAL_TIM_IC_Stop), (44 bytes).
    Removing stm32f1xx_hal_tim.o(i.HAL_TIM_IC_Stop_DMA), (122 bytes).
    Removing stm32f1xx_hal_tim.o(i.HAL_TIM_IC_Stop_IT), (94 bytes).
    Removing stm32f1xx_hal_tim.o(i.HAL_TIM_IRQHandler), (358 bytes).
    Removing stm32f1xx_hal_tim.o(i.HAL_TIM_OC_ConfigChannel), (86 bytes).
    Removing stm32f1xx_hal_tim.o(i.HAL_TIM_OC_DeInit), (56 bytes).
    Removing stm32f1xx_hal_tim.o(i.HAL_TIM_OC_DelayElapsedCallback), (2 bytes).
    Removing stm32f1xx_hal_tim.o(i.HAL_TIM_OC_GetState), (6 bytes).
    Removing stm32f1xx_hal_tim.o(i.HAL_TIM_OC_Init), (54 bytes).
    Removing stm32f1xx_hal_tim.o(i.HAL_TIM_OC_MspDeInit), (2 bytes).
    Removing stm32f1xx_hal_tim.o(i.HAL_TIM_OC_MspInit), (2 bytes).
    Removing stm32f1xx_hal_tim.o(i.HAL_TIM_OC_Start), (56 bytes).
    Removing stm32f1xx_hal_tim.o(i.HAL_TIM_OC_Start_DMA), (280 bytes).
    Removing stm32f1xx_hal_tim.o(i.HAL_TIM_OC_Start_IT), (108 bytes).
    Removing stm32f1xx_hal_tim.o(i.HAL_TIM_OC_Stop), (76 bytes).
    Removing stm32f1xx_hal_tim.o(i.HAL_TIM_OC_Stop_DMA), (156 bytes).
    Removing stm32f1xx_hal_tim.o(i.HAL_TIM_OC_Stop_IT), (128 bytes).
    Removing stm32f1xx_hal_tim.o(i.HAL_TIM_OnePulse_ConfigChannel), (218 bytes).
    Removing stm32f1xx_hal_tim.o(i.HAL_TIM_OnePulse_DeInit), (56 bytes).
    Removing stm32f1xx_hal_tim.o(i.HAL_TIM_OnePulse_GetState), (6 bytes).
    Removing stm32f1xx_hal_tim.o(i.HAL_TIM_OnePulse_Init), (74 bytes).
    Removing stm32f1xx_hal_tim.o(i.HAL_TIM_OnePulse_MspDeInit), (2 bytes).
    Removing stm32f1xx_hal_tim.o(i.HAL_TIM_OnePulse_MspInit), (2 bytes).
    Removing stm32f1xx_hal_tim.o(i.HAL_TIM_OnePulse_Start), (48 bytes).
    Removing stm32f1xx_hal_tim.o(i.HAL_TIM_OnePulse_Start_IT), (68 bytes).
    Removing stm32f1xx_hal_tim.o(i.HAL_TIM_OnePulse_Stop), (88 bytes).
    Removing stm32f1xx_hal_tim.o(i.HAL_TIM_OnePulse_Stop_IT), (108 bytes).
    Removing stm32f1xx_hal_tim.o(i.HAL_TIM_PWM_ConfigChannel), (208 bytes).
    Removing stm32f1xx_hal_tim.o(i.HAL_TIM_PWM_DeInit), (56 bytes).
    Removing stm32f1xx_hal_tim.o(i.HAL_TIM_PWM_GetState), (6 bytes).
    Removing stm32f1xx_hal_tim.o(i.HAL_TIM_PWM_Init), (54 bytes).
    Removing stm32f1xx_hal_tim.o(i.HAL_TIM_PWM_MspDeInit), (2 bytes).
    Removing stm32f1xx_hal_tim.o(i.HAL_TIM_PWM_MspInit), (2 bytes).
    Removing stm32f1xx_hal_tim.o(i.HAL_TIM_PWM_PulseFinishedCallback), (2 bytes).
    Removing stm32f1xx_hal_tim.o(i.HAL_TIM_PWM_PulseFinishedHalfCpltCallback), (2 bytes).
    Removing stm32f1xx_hal_tim.o(i.HAL_TIM_PWM_Start), (56 bytes).
    Removing stm32f1xx_hal_tim.o(i.HAL_TIM_PWM_Start_DMA), (280 bytes).
    Removing stm32f1xx_hal_tim.o(i.HAL_TIM_PWM_Start_IT), (108 bytes).
    Removing stm32f1xx_hal_tim.o(i.HAL_TIM_PWM_Stop), (84 bytes).
    Removing stm32f1xx_hal_tim.o(i.HAL_TIM_PWM_Stop_DMA), (156 bytes).
    Removing stm32f1xx_hal_tim.o(i.HAL_TIM_PWM_Stop_IT), (128 bytes).
    Removing stm32f1xx_hal_tim.o(i.HAL_TIM_PeriodElapsedCallback), (2 bytes).
    Removing stm32f1xx_hal_tim.o(i.HAL_TIM_PeriodElapsedHalfCpltCallback), (2 bytes).
    Removing stm32f1xx_hal_tim.o(i.HAL_TIM_ReadCapturedValue), (42 bytes).
    Removing stm32f1xx_hal_tim.o(i.HAL_TIM_SlaveConfigSynchro), (86 bytes).
    Removing stm32f1xx_hal_tim.o(i.HAL_TIM_SlaveConfigSynchro_IT), (86 bytes).
    Removing stm32f1xx_hal_tim.o(i.HAL_TIM_TriggerCallback), (2 bytes).
    Removing stm32f1xx_hal_tim.o(i.HAL_TIM_TriggerHalfCpltCallback), (2 bytes).
    Removing stm32f1xx_hal_tim.o(i.TIM_CCxChannelCmd), (26 bytes).
    Removing stm32f1xx_hal_tim.o(i.TIM_DMACaptureCplt), (62 bytes).
    Removing stm32f1xx_hal_tim.o(i.TIM_DMACaptureHalfCplt), (62 bytes).
    Removing stm32f1xx_hal_tim.o(i.TIM_DMADelayPulseCplt), (62 bytes).
    Removing stm32f1xx_hal_tim.o(i.TIM_DMADelayPulseHalfCplt), (62 bytes).
    Removing stm32f1xx_hal_tim.o(i.TIM_DMAError), (16 bytes).
    Removing stm32f1xx_hal_tim.o(i.TIM_DMAPeriodElapsedCplt), (16 bytes).
    Removing stm32f1xx_hal_tim.o(i.TIM_DMAPeriodElapsedHalfCplt), (16 bytes).
    Removing stm32f1xx_hal_tim.o(i.TIM_DMATriggerCplt), (16 bytes).
    Removing stm32f1xx_hal_tim.o(i.TIM_DMATriggerHalfCplt), (16 bytes).
    Removing stm32f1xx_hal_tim.o(i.TIM_OC1_SetConfig), (80 bytes).
    Removing stm32f1xx_hal_tim.o(i.TIM_OC2_SetConfig), (88 bytes).
    Removing stm32f1xx_hal_tim.o(i.TIM_OC3_SetConfig), (88 bytes).
    Removing stm32f1xx_hal_tim.o(i.TIM_OC4_SetConfig), (68 bytes).
    Removing stm32f1xx_hal_tim.o(i.TIM_SlaveTimer_SetConfig), (134 bytes).
    Removing stm32f1xx_hal_tim.o(i.TIM_TI1_SetConfig), (88 bytes).
    Removing stm32f1xx_hal_tim.o(i.TIM_TI2_SetConfig), (54 bytes).
    Removing stm32f1xx_hal_tim_ex.o(.rev16_text), (4 bytes).
    Removing stm32f1xx_hal_tim_ex.o(.revsh_text), (4 bytes).
    Removing stm32f1xx_hal_tim_ex.o(.rrx_text), (6 bytes).
    Removing stm32f1xx_hal_tim_ex.o(i.HAL_TIMEx_BreakCallback), (2 bytes).
    Removing stm32f1xx_hal_tim_ex.o(i.HAL_TIMEx_CommutCallback), (2 bytes).
    Removing stm32f1xx_hal_tim_ex.o(i.HAL_TIMEx_CommutHalfCpltCallback), (2 bytes).
    Removing stm32f1xx_hal_tim_ex.o(i.HAL_TIMEx_ConfigBreakDeadTime), (84 bytes).
    Removing stm32f1xx_hal_tim_ex.o(i.HAL_TIMEx_ConfigCommutEvent), (112 bytes).
    Removing stm32f1xx_hal_tim_ex.o(i.HAL_TIMEx_ConfigCommutEvent_DMA), (144 bytes).
    Removing stm32f1xx_hal_tim_ex.o(i.HAL_TIMEx_ConfigCommutEvent_IT), (112 bytes).
    Removing stm32f1xx_hal_tim_ex.o(i.HAL_TIMEx_HallSensor_DeInit), (56 bytes).
    Removing stm32f1xx_hal_tim_ex.o(i.HAL_TIMEx_HallSensor_GetState), (6 bytes).
    Removing stm32f1xx_hal_tim_ex.o(i.HAL_TIMEx_HallSensor_Init), (188 bytes).
    Removing stm32f1xx_hal_tim_ex.o(i.HAL_TIMEx_HallSensor_MspDeInit), (2 bytes).
    Removing stm32f1xx_hal_tim_ex.o(i.HAL_TIMEx_HallSensor_MspInit), (2 bytes).
    Removing stm32f1xx_hal_tim_ex.o(i.HAL_TIMEx_HallSensor_Start), (38 bytes).
    Removing stm32f1xx_hal_tim_ex.o(i.HAL_TIMEx_HallSensor_Start_DMA), (128 bytes).
    Removing stm32f1xx_hal_tim_ex.o(i.HAL_TIMEx_HallSensor_Start_IT), (48 bytes).
    Removing stm32f1xx_hal_tim_ex.o(i.HAL_TIMEx_HallSensor_Stop), (46 bytes).
    Removing stm32f1xx_hal_tim_ex.o(i.HAL_TIMEx_HallSensor_Stop_DMA), (62 bytes).
    Removing stm32f1xx_hal_tim_ex.o(i.HAL_TIMEx_HallSensor_Stop_IT), (56 bytes).
    Removing stm32f1xx_hal_tim_ex.o(i.HAL_TIMEx_OCN_Start), (46 bytes).
    Removing stm32f1xx_hal_tim_ex.o(i.HAL_TIMEx_OCN_Start_DMA), (228 bytes).
    Removing stm32f1xx_hal_tim_ex.o(i.HAL_TIMEx_OCN_Start_IT), (94 bytes).
    Removing stm32f1xx_hal_tim_ex.o(i.HAL_TIMEx_OCN_Stop), (68 bytes).
    Removing stm32f1xx_hal_tim_ex.o(i.HAL_TIMEx_OCN_Stop_DMA), (130 bytes).
    Removing stm32f1xx_hal_tim_ex.o(i.HAL_TIMEx_OCN_Stop_IT), (122 bytes).
    Removing stm32f1xx_hal_tim_ex.o(i.HAL_TIMEx_OnePulseN_Start), (26 bytes).
    Removing stm32f1xx_hal_tim_ex.o(i.HAL_TIMEx_OnePulseN_Start_IT), (46 bytes).
    Removing stm32f1xx_hal_tim_ex.o(i.HAL_TIMEx_OnePulseN_Stop), (68 bytes).
    Removing stm32f1xx_hal_tim_ex.o(i.HAL_TIMEx_OnePulseN_Stop_IT), (88 bytes).
    Removing stm32f1xx_hal_tim_ex.o(i.HAL_TIMEx_PWMN_Start), (46 bytes).
    Removing stm32f1xx_hal_tim_ex.o(i.HAL_TIMEx_PWMN_Start_DMA), (228 bytes).
    Removing stm32f1xx_hal_tim_ex.o(i.HAL_TIMEx_PWMN_Start_IT), (94 bytes).
    Removing stm32f1xx_hal_tim_ex.o(i.HAL_TIMEx_PWMN_Stop), (68 bytes).
    Removing stm32f1xx_hal_tim_ex.o(i.HAL_TIMEx_PWMN_Stop_DMA), (130 bytes).
    Removing stm32f1xx_hal_tim_ex.o(i.HAL_TIMEx_PWMN_Stop_IT), (122 bytes).
    Removing stm32f1xx_hal_tim_ex.o(i.HAL_TIMEx_RemapConfig), (4 bytes).
    Removing stm32f1xx_hal_tim_ex.o(i.TIMEx_DMACommutationCplt), (16 bytes).
    Removing stm32f1xx_hal_tim_ex.o(i.TIMEx_DMACommutationHalfCplt), (16 bytes).
    Removing stm32f1xx_hal_tim_ex.o(i.TIM_CCxNChannelCmd), (26 bytes).
    Removing stm32f1xx_hal_uart.o(.rev16_text), (4 bytes).
    Removing stm32f1xx_hal_uart.o(.revsh_text), (4 bytes).
    Removing stm32f1xx_hal_uart.o(.rrx_text), (6 bytes).
    Removing stm32f1xx_hal_uart.o(i.HAL_HalfDuplex_EnableReceiver), (50 bytes).
    Removing stm32f1xx_hal_uart.o(i.HAL_HalfDuplex_EnableTransmitter), (50 bytes).
    Removing stm32f1xx_hal_uart.o(i.HAL_HalfDuplex_Init), (108 bytes).
    Removing stm32f1xx_hal_uart.o(i.HAL_LIN_Init), (128 bytes).
    Removing stm32f1xx_hal_uart.o(i.HAL_LIN_SendBreak), (46 bytes).
    Removing stm32f1xx_hal_uart.o(i.HAL_MultiProcessor_EnterMuteMode), (46 bytes).
    Removing stm32f1xx_hal_uart.o(i.HAL_MultiProcessor_ExitMuteMode), (46 bytes).
    Removing stm32f1xx_hal_uart.o(i.HAL_MultiProcessor_Init), (142 bytes).
    Removing stm32f1xx_hal_uart.o(i.HAL_UART_Abort), (138 bytes).
    Removing stm32f1xx_hal_uart.o(i.HAL_UART_AbortCpltCallback), (2 bytes).
    Removing stm32f1xx_hal_uart.o(i.HAL_UART_AbortReceive), (88 bytes).
    Removing stm32f1xx_hal_uart.o(i.HAL_UART_AbortReceiveCpltCallback), (2 bytes).
    Removing stm32f1xx_hal_uart.o(i.HAL_UART_AbortReceive_IT), (92 bytes).
    Removing stm32f1xx_hal_uart.o(i.HAL_UART_AbortTransmit), (78 bytes).
    Removing stm32f1xx_hal_uart.o(i.HAL_UART_AbortTransmitCpltCallback), (2 bytes).
    Removing stm32f1xx_hal_uart.o(i.HAL_UART_AbortTransmit_IT), (84 bytes).
    Removing stm32f1xx_hal_uart.o(i.HAL_UART_Abort_IT), (172 bytes).
    Removing stm32f1xx_hal_uart.o(i.HAL_UART_DMAPause), (102 bytes).
    Removing stm32f1xx_hal_uart.o(i.HAL_UART_DMAResume), (94 bytes).
    Removing stm32f1xx_hal_uart.o(i.HAL_UART_DeInit), (50 bytes).
    Removing stm32f1xx_hal_uart.o(i.HAL_UART_GetError), (4 bytes).
    Removing stm32f1xx_hal_uart.o(i.HAL_UART_GetState), (10 bytes).
    Removing stm32f1xx_hal_uart.o(i.HAL_UART_MspDeInit), (2 bytes).
    Removing stm32f1xx_hal_uart.o(i.HAL_UART_MspInit), (2 bytes).
    Removing stm32f1xx_hal_uart.o(i.HAL_UART_Receive), (184 bytes).
    Removing stm32f1xx_hal_uart.o(i.HAL_UART_Receive_IT), (82 bytes).
    Removing stm32f1xx_hal_uart.o(i.HAL_UART_Transmit_DMA), (128 bytes).
    Removing stm32f1xx_hal_uart.o(i.HAL_UART_Transmit_IT), (62 bytes).
    Removing stm32f1xx_hal_uart.o(i.HAL_UART_TxHalfCpltCallback), (2 bytes).
    Removing stm32f1xx_hal_uart.o(i.UART_DMARxAbortCallback), (42 bytes).
    Removing stm32f1xx_hal_uart.o(i.UART_DMARxOnlyAbortCallback), (20 bytes).
    Removing stm32f1xx_hal_uart.o(i.UART_DMATransmitCplt), (46 bytes).
    Removing stm32f1xx_hal_uart.o(i.UART_DMATxAbortCallback), (42 bytes).
    Removing stm32f1xx_hal_uart.o(i.UART_DMATxHalfCplt), (10 bytes).
    Removing stm32f1xx_hal_uart.o(i.UART_DMATxOnlyAbortCallback), (20 bytes).
    Removing system_stm32f1xx.o(.rev16_text), (4 bytes).
    Removing system_stm32f1xx.o(.revsh_text), (4 bytes).
    Removing system_stm32f1xx.o(.rrx_text), (6 bytes).
    Removing system_stm32f1xx.o(i.SystemCoreClockUpdate), (104 bytes).
    Removing dadd.o(.text), (334 bytes).
    Removing dmul.o(.text), (228 bytes).
    Removing ddiv.o(.text), (222 bytes).
    Removing dfixul.o(.text), (48 bytes).
    Removing cdrcmple.o(.text), (48 bytes).
    Removing depilogue.o(.text), (186 bytes).

495 unused section(s) (total 35808 bytes) removed from the image.

==============================================================================

Image Symbol Table

    Local Symbols

    Symbol Name                              Value     Ov Type        Size  Object(Section)

    ../Core/Src/main.c                       0x00000000   Number         0  main.o ABSOLUTE
    ../Core/Src/stm32f1xx_hal_msp.c          0x00000000   Number         0  stm32f1xx_hal_msp.o ABSOLUTE
    ../Core/Src/stm32f1xx_it.c               0x00000000   Number         0  stm32f1xx_it.o ABSOLUTE
    ../Core/Src/system_stm32f1xx.c           0x00000000   Number         0  system_stm32f1xx.o ABSOLUTE
    ../Drivers/STM32F1xx_HAL_Driver/Src/stm32f1xx_hal.c 0x00000000   Number         0  stm32f1xx_hal.o ABSOLUTE
    ../Drivers/STM32F1xx_HAL_Driver/Src/stm32f1xx_hal_cortex.c 0x00000000   Number         0  stm32f1xx_hal_cortex.o ABSOLUTE
    ../Drivers/STM32F1xx_HAL_Driver/Src/stm32f1xx_hal_dma.c 0x00000000   Number         0  stm32f1xx_hal_dma.o ABSOLUTE
    ../Drivers/STM32F1xx_HAL_Driver/Src/stm32f1xx_hal_exti.c 0x00000000   Number         0  stm32f1xx_hal_exti.o ABSOLUTE
    ../Drivers/STM32F1xx_HAL_Driver/Src/stm32f1xx_hal_flash.c 0x00000000   Number         0  stm32f1xx_hal_flash.o ABSOLUTE
    ../Drivers/STM32F1xx_HAL_Driver/Src/stm32f1xx_hal_flash_ex.c 0x00000000   Number         0  stm32f1xx_hal_flash_ex.o ABSOLUTE
    ../Drivers/STM32F1xx_HAL_Driver/Src/stm32f1xx_hal_gpio.c 0x00000000   Number         0  stm32f1xx_hal_gpio.o ABSOLUTE
    ../Drivers/STM32F1xx_HAL_Driver/Src/stm32f1xx_hal_gpio_ex.c 0x00000000   Number         0  stm32f1xx_hal_gpio_ex.o ABSOLUTE
    ../Drivers/STM32F1xx_HAL_Driver/Src/stm32f1xx_hal_i2c.c 0x00000000   Number         0  stm32f1xx_hal_i2c.o ABSOLUTE
    ../Drivers/STM32F1xx_HAL_Driver/Src/stm32f1xx_hal_pwr.c 0x00000000   Number         0  stm32f1xx_hal_pwr.o ABSOLUTE
    ../Drivers/STM32F1xx_HAL_Driver/Src/stm32f1xx_hal_rcc.c 0x00000000   Number         0  stm32f1xx_hal_rcc.o ABSOLUTE
    ../Drivers/STM32F1xx_HAL_Driver/Src/stm32f1xx_hal_rcc_ex.c 0x00000000   Number         0  stm32f1xx_hal_rcc_ex.o ABSOLUTE
    ../Drivers/STM32F1xx_HAL_Driver/Src/stm32f1xx_hal_tim.c 0x00000000   Number         0  stm32f1xx_hal_tim.o ABSOLUTE
    ../Drivers/STM32F1xx_HAL_Driver/Src/stm32f1xx_hal_tim_ex.c 0x00000000   Number         0  stm32f1xx_hal_tim_ex.o ABSOLUTE
    ../Drivers/STM32F1xx_HAL_Driver/Src/stm32f1xx_hal_uart.c 0x00000000   Number         0  stm32f1xx_hal_uart.o ABSOLUTE
    ../clib/microlib/division.c              0x00000000   Number         0  uldiv.o ABSOLUTE
    ../clib/microlib/division.c              0x00000000   Number         0  uidiv.o ABSOLUTE
    ../clib/microlib/init/entry.s            0x00000000   Number         0  entry10b.o ABSOLUTE
    ../clib/microlib/init/entry.s            0x00000000   Number         0  entry8b.o ABSOLUTE
    ../clib/microlib/init/entry.s            0x00000000   Number         0  entry10a.o ABSOLUTE
    ../clib/microlib/init/entry.s            0x00000000   Number         0  entry9b.o ABSOLUTE
    ../clib/microlib/init/entry.s            0x00000000   Number         0  entry9a.o ABSOLUTE
    ../clib/microlib/init/entry.s            0x00000000   Number         0  entry.o ABSOLUTE
    ../clib/microlib/init/entry.s            0x00000000   Number         0  entry11b.o ABSOLUTE
    ../clib/microlib/init/entry.s            0x00000000   Number         0  entry7b.o ABSOLUTE
    ../clib/microlib/init/entry.s            0x00000000   Number         0  entry11a.o ABSOLUTE
    ../clib/microlib/init/entry.s            0x00000000   Number         0  entry8a.o ABSOLUTE
    ../clib/microlib/init/entry.s            0x00000000   Number         0  entry2.o ABSOLUTE
    ../clib/microlib/init/entry.s            0x00000000   Number         0  entry5.o ABSOLUTE
    ../clib/microlib/init/entry.s            0x00000000   Number         0  entry7a.o ABSOLUTE
    ../clib/microlib/longlong.c              0x00000000   Number         0  llushr.o ABSOLUTE
    ../clib/microlib/longlong.c              0x00000000   Number         0  llsshr.o ABSOLUTE
    ../clib/microlib/longlong.c              0x00000000   Number         0  llshl.o ABSOLUTE
    ../clib/microlib/printf/printf.c         0x00000000   Number         0  printf3.o ABSOLUTE
    ../clib/microlib/printf/printf.c         0x00000000   Number         0  printf4.o ABSOLUTE
    ../clib/microlib/printf/printf.c         0x00000000   Number         0  printf5.o ABSOLUTE
    ../clib/microlib/printf/printf.c         0x00000000   Number         0  printf6.o ABSOLUTE
    ../clib/microlib/printf/printf.c         0x00000000   Number         0  printf7.o ABSOLUTE
    ../clib/microlib/printf/printf.c         0x00000000   Number         0  printfa.o ABSOLUTE
    ../clib/microlib/printf/printf.c         0x00000000   Number         0  printf2.o ABSOLUTE
    ../clib/microlib/printf/printf.c         0x00000000   Number         0  printfb.o ABSOLUTE
    ../clib/microlib/printf/printf.c         0x00000000   Number         0  printf0.o ABSOLUTE
    ../clib/microlib/printf/printf.c         0x00000000   Number         0  printf1.o ABSOLUTE
    ../clib/microlib/printf/printf.c         0x00000000   Number         0  printf8.o ABSOLUTE
    ../clib/microlib/printf/stubs.s          0x00000000   Number         0  stubs.o ABSOLUTE
    ../clib/microlib/stdio/streams.c         0x00000000   Number         0  stdout.o ABSOLUTE
    ../clib/microlib/string/memcpy.c         0x00000000   Number         0  memcpya.o ABSOLUTE
    ../clib/microlib/string/memcpy.c         0x00000000   Number         0  memcpyb.o ABSOLUTE
    ../clib/microlib/string/memset.c         0x00000000   Number         0  memseta.o ABSOLUTE
    ../clib/microlib/string/strcmp.c         0x00000000   Number         0  strcmp.o ABSOLUTE
    ../clib/microlib/string/strcpy.c         0x00000000   Number         0  strcpy.o ABSOLUTE
    ../clib/microlib/string/strlen.c         0x00000000   Number         0  strlen.o ABSOLUTE
    ../clib/microlib/string/strncmp.c        0x00000000   Number         0  strncmp.o ABSOLUTE
    ../clib/microlib/string/strncpy.c        0x00000000   Number         0  strncpy.o ABSOLUTE
    ../clib/microlib/string/strstr.c         0x00000000   Number         0  strstr.o ABSOLUTE
    ../clib/microlib/stubs.s                 0x00000000   Number         0  iusefp.o ABSOLUTE
    ../fplib/microlib/fpadd.c                0x00000000   Number         0  dadd.o ABSOLUTE
    ../fplib/microlib/fpdiv.c                0x00000000   Number         0  ddiv.o ABSOLUTE
    ../fplib/microlib/fpepilogue.c           0x00000000   Number         0  depilogue.o ABSOLUTE
    ../fplib/microlib/fpfix.c                0x00000000   Number         0  dfixul.o ABSOLUTE
    ../fplib/microlib/fpmul.c                0x00000000   Number         0  dmul.o ABSOLUTE
    ..\Core\Src\24c02.c                      0x00000000   Number         0  24c02.o ABSOLUTE
    ..\Core\Src\delay.c                      0x00000000   Number         0  delay.o ABSOLUTE
    ..\Core\Src\esp8266.c                    0x00000000   Number         0  esp8266.o ABSOLUTE
    ..\Core\Src\esp8266_mqtt.c               0x00000000   Number         0  esp8266_mqtt.o ABSOLUTE
    ..\Core\Src\keypad.c                     0x00000000   Number         0  keypad.o ABSOLUTE
    ..\Core\Src\led.c                        0x00000000   Number         0  led.o ABSOLUTE
    ..\Core\Src\loop.c                       0x00000000   Number         0  loop.o ABSOLUTE
    ..\Core\Src\main.c                       0x00000000   Number         0  main.o ABSOLUTE
    ..\Core\Src\oled.c                       0x00000000   Number         0  oled.o ABSOLUTE
    ..\Core\Src\oled_font.c                  0x00000000   Number         0  oled_font.o ABSOLUTE
    ..\Core\Src\stm32f1xx_hal_msp.c          0x00000000   Number         0  stm32f1xx_hal_msp.o ABSOLUTE
    ..\Core\Src\stm32f1xx_it.c               0x00000000   Number         0  stm32f1xx_it.o ABSOLUTE
    ..\Core\Src\system_stm32f1xx.c           0x00000000   Number         0  system_stm32f1xx.o ABSOLUTE
    ..\Core\Src\utils.c                      0x00000000   Number         0  utils.o ABSOLUTE
    ..\Drivers\STM32F1xx_HAL_Driver\Src\stm32f1xx_hal.c 0x00000000   Number         0  stm32f1xx_hal.o ABSOLUTE
    ..\Drivers\STM32F1xx_HAL_Driver\Src\stm32f1xx_hal_cortex.c 0x00000000   Number         0  stm32f1xx_hal_cortex.o ABSOLUTE
    ..\Drivers\STM32F1xx_HAL_Driver\Src\stm32f1xx_hal_dma.c 0x00000000   Number         0  stm32f1xx_hal_dma.o ABSOLUTE
    ..\Drivers\STM32F1xx_HAL_Driver\Src\stm32f1xx_hal_exti.c 0x00000000   Number         0  stm32f1xx_hal_exti.o ABSOLUTE
    ..\Drivers\STM32F1xx_HAL_Driver\Src\stm32f1xx_hal_flash.c 0x00000000   Number         0  stm32f1xx_hal_flash.o ABSOLUTE
    ..\Drivers\STM32F1xx_HAL_Driver\Src\stm32f1xx_hal_flash_ex.c 0x00000000   Number         0  stm32f1xx_hal_flash_ex.o ABSOLUTE
    ..\Drivers\STM32F1xx_HAL_Driver\Src\stm32f1xx_hal_gpio.c 0x00000000   Number         0  stm32f1xx_hal_gpio.o ABSOLUTE
    ..\Drivers\STM32F1xx_HAL_Driver\Src\stm32f1xx_hal_gpio_ex.c 0x00000000   Number         0  stm32f1xx_hal_gpio_ex.o ABSOLUTE
    ..\Drivers\STM32F1xx_HAL_Driver\Src\stm32f1xx_hal_i2c.c 0x00000000   Number         0  stm32f1xx_hal_i2c.o ABSOLUTE
    ..\Drivers\STM32F1xx_HAL_Driver\Src\stm32f1xx_hal_pwr.c 0x00000000   Number         0  stm32f1xx_hal_pwr.o ABSOLUTE
    ..\Drivers\STM32F1xx_HAL_Driver\Src\stm32f1xx_hal_rcc.c 0x00000000   Number         0  stm32f1xx_hal_rcc.o ABSOLUTE
    ..\Drivers\STM32F1xx_HAL_Driver\Src\stm32f1xx_hal_rcc_ex.c 0x00000000   Number         0  stm32f1xx_hal_rcc_ex.o ABSOLUTE
    ..\Drivers\STM32F1xx_HAL_Driver\Src\stm32f1xx_hal_tim.c 0x00000000   Number         0  stm32f1xx_hal_tim.o ABSOLUTE
    ..\Drivers\STM32F1xx_HAL_Driver\Src\stm32f1xx_hal_tim_ex.c 0x00000000   Number         0  stm32f1xx_hal_tim_ex.o ABSOLUTE
    ..\Drivers\STM32F1xx_HAL_Driver\Src\stm32f1xx_hal_uart.c 0x00000000   Number         0  stm32f1xx_hal_uart.o ABSOLUTE
    ..\\Core\\Src\\24c02.c                   0x00000000   Number         0  24c02.o ABSOLUTE
    ..\\Core\\Src\\delay.c                   0x00000000   Number         0  delay.o ABSOLUTE
    ..\\Core\\Src\\esp8266.c                 0x00000000   Number         0  esp8266.o ABSOLUTE
    ..\\Core\\Src\\esp8266_mqtt.c            0x00000000   Number         0  esp8266_mqtt.o ABSOLUTE
    ..\\Core\\Src\\keypad.c                  0x00000000   Number         0  keypad.o ABSOLUTE
    ..\\Core\\Src\\led.c                     0x00000000   Number         0  led.o ABSOLUTE
    ..\\Core\\Src\\loop.c                    0x00000000   Number         0  loop.o ABSOLUTE
    ..\\Core\\Src\\oled.c                    0x00000000   Number         0  oled.o ABSOLUTE
    ..\\Core\\Src\\utils.c                   0x00000000   Number         0  utils.o ABSOLUTE
    cdrcmple.s                               0x00000000   Number         0  cdrcmple.o ABSOLUTE
    dc.s                                     0x00000000   Number         0  dc.o ABSOLUTE
    handlers.s                               0x00000000   Number         0  handlers.o ABSOLUTE
    init.s                                   0x00000000   Number         0  init.o ABSOLUTE
    startup_stm32f103xb.s                    0x00000000   Number         0  startup_stm32f103xb.o ABSOLUTE
    RESET                                    0x08000000   Section      236  startup_stm32f103xb.o(RESET)
    .ARM.Collect$$$$00000000                 0x080000ec   Section        0  entry.o(.ARM.Collect$$$$00000000)
    .ARM.Collect$$$$00000001                 0x080000ec   Section        4  entry2.o(.ARM.Collect$$$$00000001)
    .ARM.Collect$$$$00000004                 0x080000f0   Section        4  entry5.o(.ARM.Collect$$$$00000004)
    .ARM.Collect$$$$00000008                 0x080000f4   Section        0  entry7b.o(.ARM.Collect$$$$00000008)
    .ARM.Collect$$$$0000000A                 0x080000f4   Section        0  entry8b.o(.ARM.Collect$$$$0000000A)
    .ARM.Collect$$$$0000000B                 0x080000f4   Section        8  entry9a.o(.ARM.Collect$$$$0000000B)
    .ARM.Collect$$$$0000000D                 0x080000fc   Section        0  entry10a.o(.ARM.Collect$$$$0000000D)
    .ARM.Collect$$$$0000000F                 0x080000fc   Section        0  entry11a.o(.ARM.Collect$$$$0000000F)
    .ARM.Collect$$$$00002712                 0x080000fc   Section        4  entry2.o(.ARM.Collect$$$$00002712)
    __lit__00000000                          0x080000fc   Data           4  entry2.o(.ARM.Collect$$$$00002712)
    .text                                    0x08000100   Section       36  startup_stm32f103xb.o(.text)
    .text                                    0x08000124   Section        0  memseta.o(.text)
    .text                                    0x08000148   Section        0  strstr.o(.text)
    .text                                    0x0800016c   Section        0  strlen.o(.text)
    .text                                    0x0800017a   Section        0  strcmp.o(.text)
    .text                                    0x08000196   Section        0  strcpy.o(.text)
    .text                                    0x080001a8   Section        0  uidiv.o(.text)
    .text                                    0x080001d4   Section       36  init.o(.text)
    i.AT24C02_Read                           0x080001f8   Section        0  24c02.o(i.AT24C02_Read)
    i.BusFault_Handler                       0x08000218   Section        0  stm32f1xx_it.o(i.BusFault_Handler)
    i.DMA1_Channel4_IRQHandler               0x0800021c   Section        0  stm32f1xx_it.o(i.DMA1_Channel4_IRQHandler)
    i.DMA1_Channel5_IRQHandler               0x08000228   Section        0  stm32f1xx_it.o(i.DMA1_Channel5_IRQHandler)
    i.DMA_SetConfig                          0x08000234   Section        0  stm32f1xx_hal_dma.o(i.DMA_SetConfig)
    DMA_SetConfig                            0x08000235   Thumb Code    42  stm32f1xx_hal_dma.o(i.DMA_SetConfig)
    i.DebugMon_Handler                       0x0800025e   Section        0  stm32f1xx_it.o(i.DebugMon_Handler)
    i.Delay_MS                               0x08000260   Section        0  delay.o(i.Delay_MS)
    i.ESP8266_ATSendString                   0x08000264   Section        0  esp8266.o(i.ESP8266_ATSendString)
    i.ESP8266_Check                          0x080002ac   Section        0  esp8266.o(i.ESP8266_Check)
    i.ESP8266_ConnectAP                      0x080002e8   Section        0  esp8266.o(i.ESP8266_ConnectAP)
    i.ESP8266_ExitUnvarnishedTrans           0x08000394   Section        0  esp8266.o(i.ESP8266_ExitUnvarnishedTrans)
    i.ESP8266_GetCurrentIP                   0x080003b8   Section        0  esp8266.o(i.ESP8266_GetCurrentIP)
    i.ESP8266_Init                           0x0800041c   Section        0  esp8266.o(i.ESP8266_Init)
    i.ESP8266_SetConfigServer                0x08000468   Section        0  esp8266.o(i.ESP8266_SetConfigServer)
    i.Error_Handler                          0x08000600   Section        0  main.o(i.Error_Handler)
    i.FindStr                                0x08000602   Section        0  esp8266.o(i.FindStr)
    i.HAL_DMA_Abort                          0x08000630   Section        0  stm32f1xx_hal_dma.o(i.HAL_DMA_Abort)
    i.HAL_DMA_Abort_IT                       0x08000678   Section        0  stm32f1xx_hal_dma.o(i.HAL_DMA_Abort_IT)
    i.HAL_DMA_IRQHandler                     0x08000710   Section        0  stm32f1xx_hal_dma.o(i.HAL_DMA_IRQHandler)
    i.HAL_DMA_Init                           0x08000864   Section        0  stm32f1xx_hal_dma.o(i.HAL_DMA_Init)
    i.HAL_DMA_Start_IT                       0x080008c0   Section        0  stm32f1xx_hal_dma.o(i.HAL_DMA_Start_IT)
    i.HAL_Delay                              0x08000930   Section        0  stm32f1xx_hal.o(i.HAL_Delay)
    i.HAL_GPIO_Init                          0x08000954   Section        0  stm32f1xx_hal_gpio.o(i.HAL_GPIO_Init)
    i.HAL_GPIO_WritePin                      0x08000b34   Section        0  stm32f1xx_hal_gpio.o(i.HAL_GPIO_WritePin)
    i.HAL_GetTick                            0x08000b40   Section        0  stm32f1xx_hal.o(i.HAL_GetTick)
    i.HAL_I2C_Init                           0x08000b4c   Section        0  stm32f1xx_hal_i2c.o(i.HAL_I2C_Init)
    i.HAL_I2C_Mem_Read                       0x08000cc0   Section        0  stm32f1xx_hal_i2c.o(i.HAL_I2C_Mem_Read)
    i.HAL_I2C_Mem_Write                      0x08000ee0   Section        0  stm32f1xx_hal_i2c.o(i.HAL_I2C_Mem_Write)
    i.HAL_I2C_MspInit                        0x08001010   Section        0  stm32f1xx_hal_msp.o(i.HAL_I2C_MspInit)
    i.HAL_IncTick                            0x0800106c   Section        0  stm32f1xx_hal.o(i.HAL_IncTick)
    i.HAL_Init                               0x0800107c   Section        0  stm32f1xx_hal.o(i.HAL_Init)
    i.HAL_InitTick                           0x080010a0   Section        0  stm32f1xx_hal.o(i.HAL_InitTick)
    i.HAL_MspInit                            0x080010e0   Section        0  stm32f1xx_hal_msp.o(i.HAL_MspInit)
    i.HAL_NVIC_EnableIRQ                     0x0800111c   Section        0  stm32f1xx_hal_cortex.o(i.HAL_NVIC_EnableIRQ)
    i.HAL_NVIC_SetPriority                   0x08001138   Section        0  stm32f1xx_hal_cortex.o(i.HAL_NVIC_SetPriority)
    i.HAL_NVIC_SetPriorityGrouping           0x08001178   Section        0  stm32f1xx_hal_cortex.o(i.HAL_NVIC_SetPriorityGrouping)
    i.HAL_RCC_ClockConfig                    0x0800119c   Section        0  stm32f1xx_hal_rcc.o(i.HAL_RCC_ClockConfig)
    i.HAL_RCC_GetPCLK1Freq                   0x080012c8   Section        0  stm32f1xx_hal_rcc.o(i.HAL_RCC_GetPCLK1Freq)
    i.HAL_RCC_GetPCLK2Freq                   0x080012e8   Section        0  stm32f1xx_hal_rcc.o(i.HAL_RCC_GetPCLK2Freq)
    i.HAL_RCC_GetSysClockFreq                0x08001308   Section        0  stm32f1xx_hal_rcc.o(i.HAL_RCC_GetSysClockFreq)
    i.HAL_RCC_OscConfig                      0x08001374   Section        0  stm32f1xx_hal_rcc.o(i.HAL_RCC_OscConfig)
    i.HAL_SYSTICK_Config                     0x08001694   Section        0  stm32f1xx_hal_cortex.o(i.HAL_SYSTICK_Config)
    i.HAL_TIMEx_MasterConfigSynchronization  0x080016bc   Section        0  stm32f1xx_hal_tim_ex.o(i.HAL_TIMEx_MasterConfigSynchronization)
    i.HAL_TIM_Base_Init                      0x080016fe   Section        0  stm32f1xx_hal_tim.o(i.HAL_TIM_Base_Init)
    i.HAL_TIM_Base_MspInit                   0x08001734   Section        0  stm32f1xx_hal_msp.o(i.HAL_TIM_Base_MspInit)
    i.HAL_TIM_ConfigClockSource              0x0800178c   Section        0  stm32f1xx_hal_tim.o(i.HAL_TIM_ConfigClockSource)
    i.HAL_UART_DMAStop                       0x08001862   Section        0  stm32f1xx_hal_uart.o(i.HAL_UART_DMAStop)
    i.HAL_UART_ErrorCallback                 0x080018ba   Section        0  stm32f1xx_hal_uart.o(i.HAL_UART_ErrorCallback)
    i.HAL_UART_IRQHandler                    0x080018bc   Section        0  stm32f1xx_hal_uart.o(i.HAL_UART_IRQHandler)
    i.HAL_UART_Init                          0x080019cc   Section        0  stm32f1xx_hal_uart.o(i.HAL_UART_Init)
    i.HAL_UART_MspInit                       0x08001a30   Section        0  stm32f1xx_hal_msp.o(i.HAL_UART_MspInit)
    i.HAL_UART_Receive_DMA                   0x08001b64   Section        0  stm32f1xx_hal_uart.o(i.HAL_UART_Receive_DMA)
    i.HAL_UART_RxCpltCallback                0x08001bfc   Section        0  stm32f1xx_hal_uart.o(i.HAL_UART_RxCpltCallback)
    i.HAL_UART_RxHalfCpltCallback            0x08001bfe   Section        0  stm32f1xx_hal_uart.o(i.HAL_UART_RxHalfCpltCallback)
    i.HAL_UART_Transmit                      0x08001c00   Section        0  stm32f1xx_hal_uart.o(i.HAL_UART_Transmit)
    i.HAL_UART_TxCpltCallback                0x08001cba   Section        0  stm32f1xx_hal_uart.o(i.HAL_UART_TxCpltCallback)
    i.HardFault_Handler                      0x08001cbc   Section        0  stm32f1xx_it.o(i.HardFault_Handler)
    i.I2C_IsAcknowledgeFailed                0x08001cbe   Section        0  stm32f1xx_hal_i2c.o(i.I2C_IsAcknowledgeFailed)
    I2C_IsAcknowledgeFailed                  0x08001cbf   Thumb Code    46  stm32f1xx_hal_i2c.o(i.I2C_IsAcknowledgeFailed)
    i.I2C_RequestMemoryRead                  0x08001cec   Section        0  stm32f1xx_hal_i2c.o(i.I2C_RequestMemoryRead)
    I2C_RequestMemoryRead                    0x08001ced   Thumb Code   230  stm32f1xx_hal_i2c.o(i.I2C_RequestMemoryRead)
    i.I2C_RequestMemoryWrite                 0x08001dd4   Section        0  stm32f1xx_hal_i2c.o(i.I2C_RequestMemoryWrite)
    I2C_RequestMemoryWrite                   0x08001dd5   Thumb Code   144  stm32f1xx_hal_i2c.o(i.I2C_RequestMemoryWrite)
    i.I2C_WaitOnBTFFlagUntilTimeout          0x08001e68   Section        0  stm32f1xx_hal_i2c.o(i.I2C_WaitOnBTFFlagUntilTimeout)
    I2C_WaitOnBTFFlagUntilTimeout            0x08001e69   Thumb Code    76  stm32f1xx_hal_i2c.o(i.I2C_WaitOnBTFFlagUntilTimeout)
    i.I2C_WaitOnFlagUntilTimeout             0x08001eb4   Section        0  stm32f1xx_hal_i2c.o(i.I2C_WaitOnFlagUntilTimeout)
    I2C_WaitOnFlagUntilTimeout               0x08001eb5   Thumb Code   104  stm32f1xx_hal_i2c.o(i.I2C_WaitOnFlagUntilTimeout)
    i.I2C_WaitOnMasterAddressFlagUntilTimeout 0x08001f1c   Section        0  stm32f1xx_hal_i2c.o(i.I2C_WaitOnMasterAddressFlagUntilTimeout)
    I2C_WaitOnMasterAddressFlagUntilTimeout  0x08001f1d   Thumb Code   150  stm32f1xx_hal_i2c.o(i.I2C_WaitOnMasterAddressFlagUntilTimeout)
    i.I2C_WaitOnRXNEFlagUntilTimeout         0x08001fb2   Section        0  stm32f1xx_hal_i2c.o(i.I2C_WaitOnRXNEFlagUntilTimeout)
    I2C_WaitOnRXNEFlagUntilTimeout           0x08001fb3   Thumb Code   102  stm32f1xx_hal_i2c.o(i.I2C_WaitOnRXNEFlagUntilTimeout)
    i.I2C_WaitOnTXEFlagUntilTimeout          0x08002018   Section        0  stm32f1xx_hal_i2c.o(i.I2C_WaitOnTXEFlagUntilTimeout)
    I2C_WaitOnTXEFlagUntilTimeout            0x08002019   Thumb Code    76  stm32f1xx_hal_i2c.o(i.I2C_WaitOnTXEFlagUntilTimeout)
    i.KEYPAD_Init                            0x08002064   Section        0  keypad.o(i.KEYPAD_Init)
    i.LED_init                               0x08002084   Section        0  led.o(i.LED_init)
    i.MAIN_ConnectServer                     0x08002094   Section        0  loop.o(i.MAIN_ConnectServer)
    i.MAIN_DoConnectWIFI                     0x080020ec   Section        0  loop.o(i.MAIN_DoConnectWIFI)
    i.MAIN_Init                              0x08002114   Section        0  loop.o(i.MAIN_Init)
    i.MAIN_ReadSettings                      0x080021a8   Section        0  loop.o(i.MAIN_ReadSettings)
    i.MAIN_ToConfigMode                      0x080021dc   Section        0  loop.o(i.MAIN_ToConfigMode)
    i.MAIN_UI_ConnectWifi                    0x080021ec   Section        0  loop.o(i.MAIN_UI_ConnectWifi)
    i.MAIN_UI_ConnectWifiFailed              0x0800229c   Section        0  loop.o(i.MAIN_UI_ConnectWifiFailed)
    i.MAIN_UI_ConnectingWIFI                 0x08002304   Section        0  loop.o(i.MAIN_UI_ConnectingWIFI)
    i.MAIN_UI_InitFail                       0x08002344   Section        0  loop.o(i.MAIN_UI_InitFail)
    i.MX_GPIO_Init                           0x080023b8   Section        0  main.o(i.MX_GPIO_Init)
    MX_GPIO_Init                             0x080023b9   Thumb Code   210  main.o(i.MX_GPIO_Init)
    i.MX_TIM1_Init                           0x0800249c   Section        0  main.o(i.MX_TIM1_Init)
    MX_TIM1_Init                             0x0800249d   Thumb Code    78  main.o(i.MX_TIM1_Init)
    i.MX_TIM2_Init                           0x080024f4   Section        0  main.o(i.MX_TIM2_Init)
    MX_TIM2_Init                             0x080024f5   Thumb Code    78  main.o(i.MX_TIM2_Init)
    i.MX_TIM3_Init                           0x08002548   Section        0  main.o(i.MX_TIM3_Init)
    MX_TIM3_Init                             0x08002549   Thumb Code    74  main.o(i.MX_TIM3_Init)
    i.MemManage_Handler                      0x0800259c   Section        0  stm32f1xx_it.o(i.MemManage_Handler)
    i.NMI_Handler                            0x0800259e   Section        0  stm32f1xx_it.o(i.NMI_Handler)
    i.OLED_Clear                             0x080025a0   Section        0  oled.o(i.OLED_Clear)
    i.OLED_Draw12864BMP                      0x080025a6   Section        0  oled.o(i.OLED_Draw12864BMP)
    i.OLED_Fill                              0x080025d8   Section        0  oled.o(i.OLED_Fill)
    i.OLED_Init                              0x08002610   Section        0  oled.o(i.OLED_Init)
    i.OLED_Set_Pos                           0x080026d8   Section        0  oled.o(i.OLED_Set_Pos)
    i.OLED_ShowChar                          0x08002700   Section        0  oled.o(i.OLED_ShowChar)
    i.OLED_ShowChineseChar                   0x08002788   Section        0  oled.o(i.OLED_ShowChineseChar)
    i.OLED_ShowString                        0x080027e4   Section        0  oled.o(i.OLED_ShowString)
    i.OLED_WR_Cmd                            0x08002890   Section        0  oled.o(i.OLED_WR_Cmd)
    i.OLED_WR_Data                           0x080028b4   Section        0  oled.o(i.OLED_WR_Data)
    i.PendSV_Handler                         0x080028d8   Section        0  stm32f1xx_it.o(i.PendSV_Handler)
    i.SVC_Handler                            0x080028da   Section        0  stm32f1xx_it.o(i.SVC_Handler)
    i.SysTick_Handler                        0x080028dc   Section        0  stm32f1xx_it.o(i.SysTick_Handler)
    i.SystemClock_Config                     0x080028e0   Section        0  main.o(i.SystemClock_Config)
    i.SystemInit                             0x08002920   Section        0  system_stm32f1xx.o(i.SystemInit)
    i.TIM_Base_SetConfig                     0x08002968   Section        0  stm32f1xx_hal_tim.o(i.TIM_Base_SetConfig)
    i.TIM_ETR_SetConfig                      0x080029d4   Section        0  stm32f1xx_hal_tim.o(i.TIM_ETR_SetConfig)
    i.TIM_ITRx_SetConfig                     0x080029e8   Section        0  stm32f1xx_hal_tim.o(i.TIM_ITRx_SetConfig)
    TIM_ITRx_SetConfig                       0x080029e9   Thumb Code    16  stm32f1xx_hal_tim.o(i.TIM_ITRx_SetConfig)
    i.TIM_TI1_ConfigInputStage               0x080029f8   Section        0  stm32f1xx_hal_tim.o(i.TIM_TI1_ConfigInputStage)
    TIM_TI1_ConfigInputStage                 0x080029f9   Thumb Code    34  stm32f1xx_hal_tim.o(i.TIM_TI1_ConfigInputStage)
    i.TIM_TI2_ConfigInputStage               0x08002a1a   Section        0  stm32f1xx_hal_tim.o(i.TIM_TI2_ConfigInputStage)
    TIM_TI2_ConfigInputStage                 0x08002a1b   Thumb Code    36  stm32f1xx_hal_tim.o(i.TIM_TI2_ConfigInputStage)
    i.UART_DMAAbortOnError                   0x08002a3e   Section        0  stm32f1xx_hal_uart.o(i.UART_DMAAbortOnError)
    UART_DMAAbortOnError                     0x08002a3f   Thumb Code    16  stm32f1xx_hal_uart.o(i.UART_DMAAbortOnError)
    i.UART_DMAError                          0x08002a4e   Section        0  stm32f1xx_hal_uart.o(i.UART_DMAError)
    UART_DMAError                            0x08002a4f   Thumb Code    74  stm32f1xx_hal_uart.o(i.UART_DMAError)
    i.UART_DMAReceiveCplt                    0x08002a98   Section        0  stm32f1xx_hal_uart.o(i.UART_DMAReceiveCplt)
    UART_DMAReceiveCplt                      0x08002a99   Thumb Code    60  stm32f1xx_hal_uart.o(i.UART_DMAReceiveCplt)
    i.UART_DMARxHalfCplt                     0x08002ad4   Section        0  stm32f1xx_hal_uart.o(i.UART_DMARxHalfCplt)
    UART_DMARxHalfCplt                       0x08002ad5   Thumb Code    10  stm32f1xx_hal_uart.o(i.UART_DMARxHalfCplt)
    i.UART_EndRxTransfer                     0x08002ade   Section        0  stm32f1xx_hal_uart.o(i.UART_EndRxTransfer)
    UART_EndRxTransfer                       0x08002adf   Thumb Code    28  stm32f1xx_hal_uart.o(i.UART_EndRxTransfer)
    i.UART_EndTxTransfer                     0x08002afa   Section        0  stm32f1xx_hal_uart.o(i.UART_EndTxTransfer)
    UART_EndTxTransfer                       0x08002afb   Thumb Code    18  stm32f1xx_hal_uart.o(i.UART_EndTxTransfer)
    i.UART_Receive_IT                        0x08002b0c   Section        0  stm32f1xx_hal_uart.o(i.UART_Receive_IT)
    UART_Receive_IT                          0x08002b0d   Thumb Code   150  stm32f1xx_hal_uart.o(i.UART_Receive_IT)
    i.UART_SetConfig                         0x08002ba4   Section        0  stm32f1xx_hal_uart.o(i.UART_SetConfig)
    UART_SetConfig                           0x08002ba5   Thumb Code   178  stm32f1xx_hal_uart.o(i.UART_SetConfig)
    i.UART_Transmit_IT                       0x08002c5c   Section        0  stm32f1xx_hal_uart.o(i.UART_Transmit_IT)
    UART_Transmit_IT                         0x08002c5d   Thumb Code    98  stm32f1xx_hal_uart.o(i.UART_Transmit_IT)
    i.UART_WaitOnFlagUntilTimeout            0x08002cbe   Section        0  stm32f1xx_hal_uart.o(i.UART_WaitOnFlagUntilTimeout)
    UART_WaitOnFlagUntilTimeout              0x08002cbf   Thumb Code   100  stm32f1xx_hal_uart.o(i.UART_WaitOnFlagUntilTimeout)
    i.USART1_ClearRX                         0x08002d24   Section        0  esp8266.o(i.USART1_ClearRX)
    i.USART1_ClearTX                         0x08002d44   Section        0  esp8266.o(i.USART1_ClearTX)
    i.USART1_Handler                         0x08002d50   Section        0  esp8266.o(i.USART1_Handler)
    i.USART1_IRQHandler                      0x08002dc8   Section        0  stm32f1xx_it.o(i.USART1_IRQHandler)
    i.USART1_Init                            0x08002de0   Section        0  esp8266.o(i.USART1_Init)
    i.USART3_IRQHandler                      0x08002e00   Section        0  stm32f1xx_it.o(i.USART3_IRQHandler)
    i.UsageFault_Handler                     0x08002e0c   Section        0  stm32f1xx_it.o(i.UsageFault_Handler)
    i.__0printf$3                            0x08002e10   Section        0  printf3.o(i.__0printf$3)
    i.__0sprintf$3                           0x08002e30   Section        0  printf3.o(i.__0sprintf$3)
    i.__NVIC_SetPriority                     0x08002e58   Section        0  stm32f1xx_hal_cortex.o(i.__NVIC_SetPriority)
    __NVIC_SetPriority                       0x08002e59   Thumb Code    32  stm32f1xx_hal_cortex.o(i.__NVIC_SetPriority)
    i.__scatterload_copy                     0x08002e78   Section       14  handlers.o(i.__scatterload_copy)
    i.__scatterload_null                     0x08002e86   Section        2  handlers.o(i.__scatterload_null)
    i.__scatterload_zeroinit                 0x08002e88   Section       14  handlers.o(i.__scatterload_zeroinit)
    i._printf_core                           0x08002e98   Section        0  printf3.o(i._printf_core)
    _printf_core                             0x08002e99   Thumb Code   436  printf3.o(i._printf_core)
    i._sputc                                 0x08003050   Section        0  printf3.o(i._sputc)
    _sputc                                   0x08003051   Thumb Code    10  printf3.o(i._sputc)
    i.fputc                                  0x0800305c   Section        0  main.o(i.fputc)
    i.main                                   0x08003074   Section        0  main.o(i.main)
    .constdata                               0x08003154   Section      552  oled_font.o(.constdata)
    .constdata                               0x0800337c   Section     1520  oled_font.o(.constdata)
    .constdata                               0x0800396c   Section       35  oled_font.o(.constdata)
    .constdata                               0x0800398f   Section     1024  oled_font.o(.constdata)
    .constdata                               0x08003d8f   Section       16  system_stm32f1xx.o(.constdata)
    .constdata                               0x08003d9f   Section        8  system_stm32f1xx.o(.constdata)
    .data                                    0x20000000   Section        2  esp8266.o(.data)
    .data                                    0x20000002   Section        2  loop.o(.data)
    .data                                    0x20000004   Section       12  stm32f1xx_hal.o(.data)
    .data                                    0x20000010   Section        4  system_stm32f1xx.o(.data)
    .data                                    0x20000014   Section        4  stdout.o(.data)
    .bss                                     0x20000018   Section      320  esp8266.o(.bss)
    .bss                                     0x20000158   Section       64  loop.o(.bss)
    .bss                                     0x20000198   Section      404  main.o(.bss)
    .bss                                     0x2000032c   Section       68  main.o(.bss)
    .bss                                     0x20000370   Section       68  main.o(.bss)
    STACK                                    0x200003b8   Section     1024  startup_stm32f103xb.o(STACK)

    Global Symbols

    Symbol Name                              Value     Ov Type        Size  Object(Section)

    BuildAttributes$$THM_ISAv4$P$D$K$B$S$PE$A:L22UL41UL21$X:L11$S22US41US21$IEEE1$IW$USESV6$~STKCKD$USESV7$~SHL$OSPACE$ROPI$EBA8$MICROLIB$REQ8$PRES8$EABIv2 0x00000000   Number         0  anon$$obj.o ABSOLUTE
    __ARM_use_no_argv                        0x00000000   Number         0  main.o ABSOLUTE
    _printf_a                                0x00000000   Number         0  stubs.o ABSOLUTE
    _printf_c                                0x00000000   Number         0  stubs.o ABSOLUTE
    _printf_charcount                        0x00000000   Number         0  stubs.o ABSOLUTE
    _printf_d                                0x00000000   Number         0  stubs.o ABSOLUTE
    _printf_e                                0x00000000   Number         0  stubs.o ABSOLUTE
    _printf_f                                0x00000000   Number         0  stubs.o ABSOLUTE
    _printf_flags                            0x00000000   Number         0  stubs.o ABSOLUTE
    _printf_fp_dec                           0x00000000   Number         0  stubs.o ABSOLUTE
    _printf_fp_hex                           0x00000000   Number         0  stubs.o ABSOLUTE
    _printf_g                                0x00000000   Number         0  stubs.o ABSOLUTE
    _printf_i                                0x00000000   Number         0  stubs.o ABSOLUTE
    _printf_int_dec                          0x00000000   Number         0  stubs.o ABSOLUTE
    _printf_l                                0x00000000   Number         0  stubs.o ABSOLUTE
    _printf_lc                               0x00000000   Number         0  stubs.o ABSOLUTE
    _printf_ll                               0x00000000   Number         0  stubs.o ABSOLUTE
    _printf_lld                              0x00000000   Number         0  stubs.o ABSOLUTE
    _printf_lli                              0x00000000   Number         0  stubs.o ABSOLUTE
    _printf_llo                              0x00000000   Number         0  stubs.o ABSOLUTE
    _printf_llu                              0x00000000   Number         0  stubs.o ABSOLUTE
    _printf_llx                              0x00000000   Number         0  stubs.o ABSOLUTE
    _printf_longlong_dec                     0x00000000   Number         0  stubs.o ABSOLUTE
    _printf_longlong_hex                     0x00000000   Number         0  stubs.o ABSOLUTE
    _printf_longlong_oct                     0x00000000   Number         0  stubs.o ABSOLUTE
    _printf_ls                               0x00000000   Number         0  stubs.o ABSOLUTE
    _printf_mbtowc                           0x00000000   Number         0  stubs.o ABSOLUTE
    _printf_n                                0x00000000   Number         0  stubs.o ABSOLUTE
    _printf_o                                0x00000000   Number         0  stubs.o ABSOLUTE
    _printf_p                                0x00000000   Number         0  stubs.o ABSOLUTE
    _printf_percent                          0x00000000   Number         0  stubs.o ABSOLUTE
    _printf_pre_padding                      0x00000000   Number         0  stubs.o ABSOLUTE
    _printf_return_value                     0x00000000   Number         0  stubs.o ABSOLUTE
    _printf_s                                0x00000000   Number         0  stubs.o ABSOLUTE
    _printf_sizespec                         0x00000000   Number         0  stubs.o ABSOLUTE
    _printf_str                              0x00000000   Number         0  stubs.o ABSOLUTE
    _printf_truncate_signed                  0x00000000   Number         0  stubs.o ABSOLUTE
    _printf_truncate_unsigned                0x00000000   Number         0  stubs.o ABSOLUTE
    _printf_u                                0x00000000   Number         0  stubs.o ABSOLUTE
    _printf_wc                               0x00000000   Number         0  stubs.o ABSOLUTE
    _printf_wctomb                           0x00000000   Number         0  stubs.o ABSOLUTE
    _printf_widthprec                        0x00000000   Number         0  stubs.o ABSOLUTE
    _printf_x                                0x00000000   Number         0  stubs.o ABSOLUTE
    __cpp_initialize__aeabi_                  - Undefined Weak Reference
    __cxa_finalize                            - Undefined Weak Reference
    __decompress                              - Undefined Weak Reference
    _clock_init                               - Undefined Weak Reference
    _microlib_exit                            - Undefined Weak Reference
    __Vectors_Size                           0x000000ec   Number         0  startup_stm32f103xb.o ABSOLUTE
    __Vectors                                0x08000000   Data           4  startup_stm32f103xb.o(RESET)
    __Vectors_End                            0x080000ec   Data           0  startup_stm32f103xb.o(RESET)
    __main                                   0x080000ed   Thumb Code     0  entry.o(.ARM.Collect$$$$00000000)
    _main_stk                                0x080000ed   Thumb Code     0  entry2.o(.ARM.Collect$$$$00000001)
    _main_scatterload                        0x080000f1   Thumb Code     0  entry5.o(.ARM.Collect$$$$00000004)
    __main_after_scatterload                 0x080000f5   Thumb Code     0  entry5.o(.ARM.Collect$$$$00000004)
    _main_clock                              0x080000f5   Thumb Code     0  entry7b.o(.ARM.Collect$$$$00000008)
    _main_cpp_init                           0x080000f5   Thumb Code     0  entry8b.o(.ARM.Collect$$$$0000000A)
    _main_init                               0x080000f5   Thumb Code     0  entry9a.o(.ARM.Collect$$$$0000000B)
    __rt_final_cpp                           0x080000fd   Thumb Code     0  entry10a.o(.ARM.Collect$$$$0000000D)
    __rt_final_exit                          0x080000fd   Thumb Code     0  entry11a.o(.ARM.Collect$$$$0000000F)
    Reset_Handler                            0x08000101   Thumb Code     8  startup_stm32f103xb.o(.text)
    ADC1_2_IRQHandler                        0x0800011b   Thumb Code     0  startup_stm32f103xb.o(.text)
    CAN1_RX1_IRQHandler                      0x0800011b   Thumb Code     0  startup_stm32f103xb.o(.text)
    CAN1_SCE_IRQHandler                      0x0800011b   Thumb Code     0  startup_stm32f103xb.o(.text)
    DMA1_Channel1_IRQHandler                 0x0800011b   Thumb Code     0  startup_stm32f103xb.o(.text)
    DMA1_Channel2_IRQHandler                 0x0800011b   Thumb Code     0  startup_stm32f103xb.o(.text)
    DMA1_Channel3_IRQHandler                 0x0800011b   Thumb Code     0  startup_stm32f103xb.o(.text)
    DMA1_Channel6_IRQHandler                 0x0800011b   Thumb Code     0  startup_stm32f103xb.o(.text)
    DMA1_Channel7_IRQHandler                 0x0800011b   Thumb Code     0  startup_stm32f103xb.o(.text)
    EXTI0_IRQHandler                         0x0800011b   Thumb Code     0  startup_stm32f103xb.o(.text)
    EXTI15_10_IRQHandler                     0x0800011b   Thumb Code     0  startup_stm32f103xb.o(.text)
    EXTI1_IRQHandler                         0x0800011b   Thumb Code     0  startup_stm32f103xb.o(.text)
    EXTI2_IRQHandler                         0x0800011b   Thumb Code     0  startup_stm32f103xb.o(.text)
    EXTI3_IRQHandler                         0x0800011b   Thumb Code     0  startup_stm32f103xb.o(.text)
    EXTI4_IRQHandler                         0x0800011b   Thumb Code     0  startup_stm32f103xb.o(.text)
    EXTI9_5_IRQHandler                       0x0800011b   Thumb Code     0  startup_stm32f103xb.o(.text)
    FLASH_IRQHandler                         0x0800011b   Thumb Code     0  startup_stm32f103xb.o(.text)
    I2C1_ER_IRQHandler                       0x0800011b   Thumb Code     0  startup_stm32f103xb.o(.text)
    I2C1_EV_IRQHandler                       0x0800011b   Thumb Code     0  startup_stm32f103xb.o(.text)
    I2C2_ER_IRQHandler                       0x0800011b   Thumb Code     0  startup_stm32f103xb.o(.text)
    I2C2_EV_IRQHandler                       0x0800011b   Thumb Code     0  startup_stm32f103xb.o(.text)
    PVD_IRQHandler                           0x0800011b   Thumb Code     0  startup_stm32f103xb.o(.text)
    RCC_IRQHandler                           0x0800011b   Thumb Code     0  startup_stm32f103xb.o(.text)
    RTC_Alarm_IRQHandler                     0x0800011b   Thumb Code     0  startup_stm32f103xb.o(.text)
    RTC_IRQHandler                           0x0800011b   Thumb Code     0  startup_stm32f103xb.o(.text)
    SPI1_IRQHandler                          0x0800011b   Thumb Code     0  startup_stm32f103xb.o(.text)
    SPI2_IRQHandler                          0x0800011b   Thumb Code     0  startup_stm32f103xb.o(.text)
    TAMPER_IRQHandler                        0x0800011b   Thumb Code     0  startup_stm32f103xb.o(.text)
    TIM1_BRK_IRQHandler                      0x0800011b   Thumb Code     0  startup_stm32f103xb.o(.text)
    TIM1_CC_IRQHandler                       0x0800011b   Thumb Code     0  startup_stm32f103xb.o(.text)
    TIM1_TRG_COM_IRQHandler                  0x0800011b   Thumb Code     0  startup_stm32f103xb.o(.text)
    TIM1_UP_IRQHandler                       0x0800011b   Thumb Code     0  startup_stm32f103xb.o(.text)
    TIM2_IRQHandler                          0x0800011b   Thumb Code     0  startup_stm32f103xb.o(.text)
    TIM3_IRQHandler                          0x0800011b   Thumb Code     0  startup_stm32f103xb.o(.text)
    TIM4_IRQHandler                          0x0800011b   Thumb Code     0  startup_stm32f103xb.o(.text)
    USART2_IRQHandler                        0x0800011b   Thumb Code     0  startup_stm32f103xb.o(.text)
    USBWakeUp_IRQHandler                     0x0800011b   Thumb Code     0  startup_stm32f103xb.o(.text)
    USB_HP_CAN1_TX_IRQHandler                0x0800011b   Thumb Code     0  startup_stm32f103xb.o(.text)
    USB_LP_CAN1_RX0_IRQHandler               0x0800011b   Thumb Code     0  startup_stm32f103xb.o(.text)
    WWDG_IRQHandler                          0x0800011b   Thumb Code     0  startup_stm32f103xb.o(.text)
    __aeabi_memset                           0x08000125   Thumb Code    14  memseta.o(.text)
    __aeabi_memset4                          0x08000125   Thumb Code     0  memseta.o(.text)
    __aeabi_memset8                          0x08000125   Thumb Code     0  memseta.o(.text)
    __aeabi_memclr                           0x08000133   Thumb Code     4  memseta.o(.text)
    __aeabi_memclr4                          0x08000133   Thumb Code     0  memseta.o(.text)
    __aeabi_memclr8                          0x08000133   Thumb Code     0  memseta.o(.text)
    _memset$wrapper                          0x08000137   Thumb Code    18  memseta.o(.text)
    strstr                                   0x08000149   Thumb Code    36  strstr.o(.text)
    strlen                                   0x0800016d   Thumb Code    14  strlen.o(.text)
    strcmp                                   0x0800017b   Thumb Code    28  strcmp.o(.text)
    strcpy                                   0x08000197   Thumb Code    18  strcpy.o(.text)
    __aeabi_uidiv                            0x080001a9   Thumb Code     0  uidiv.o(.text)
    __aeabi_uidivmod                         0x080001a9   Thumb Code    44  uidiv.o(.text)
    __scatterload                            0x080001d5   Thumb Code    28  init.o(.text)
    __scatterload_rt2                        0x080001d5   Thumb Code     0  init.o(.text)
    AT24C02_Read                             0x080001f9   Thumb Code    26  24c02.o(i.AT24C02_Read)
    BusFault_Handler                         0x08000219   Thumb Code     2  stm32f1xx_it.o(i.BusFault_Handler)
    DMA1_Channel4_IRQHandler                 0x0800021d   Thumb Code     6  stm32f1xx_it.o(i.DMA1_Channel4_IRQHandler)
    DMA1_Channel5_IRQHandler                 0x08000229   Thumb Code     6  stm32f1xx_it.o(i.DMA1_Channel5_IRQHandler)
    DebugMon_Handler                         0x0800025f   Thumb Code     2  stm32f1xx_it.o(i.DebugMon_Handler)
    Delay_MS                                 0x08000261   Thumb Code     4  delay.o(i.Delay_MS)
    ESP8266_ATSendString                     0x08000265   Thumb Code    46  esp8266.o(i.ESP8266_ATSendString)
    ESP8266_Check                            0x080002ad   Thumb Code    42  esp8266.o(i.ESP8266_Check)
    ESP8266_ConnectAP                        0x080002e9   Thumb Code   124  esp8266.o(i.ESP8266_ConnectAP)
    ESP8266_ExitUnvarnishedTrans             0x08000395   Thumb Code    30  esp8266.o(i.ESP8266_ExitUnvarnishedTrans)
    ESP8266_GetCurrentIP                     0x080003b9   Thumb Code    76  esp8266.o(i.ESP8266_GetCurrentIP)
    ESP8266_Init                             0x0800041d   Thumb Code    48  esp8266.o(i.ESP8266_Init)
    ESP8266_SetConfigServer                  0x08000469   Thumb Code   234  esp8266.o(i.ESP8266_SetConfigServer)
    Error_Handler                            0x08000601   Thumb Code     2  main.o(i.Error_Handler)
    FindStr                                  0x08000603   Thumb Code    46  esp8266.o(i.FindStr)
    HAL_DMA_Abort                            0x08000631   Thumb Code    70  stm32f1xx_hal_dma.o(i.HAL_DMA_Abort)
    HAL_DMA_Abort_IT                         0x08000679   Thumb Code   148  stm32f1xx_hal_dma.o(i.HAL_DMA_Abort_IT)
    HAL_DMA_IRQHandler                       0x08000711   Thumb Code   316  stm32f1xx_hal_dma.o(i.HAL_DMA_IRQHandler)
    HAL_DMA_Init                             0x08000865   Thumb Code    84  stm32f1xx_hal_dma.o(i.HAL_DMA_Init)
    HAL_DMA_Start_IT                         0x080008c1   Thumb Code   112  stm32f1xx_hal_dma.o(i.HAL_DMA_Start_IT)
    HAL_Delay                                0x08000931   Thumb Code    32  stm32f1xx_hal.o(i.HAL_Delay)
    HAL_GPIO_Init                            0x08000955   Thumb Code   446  stm32f1xx_hal_gpio.o(i.HAL_GPIO_Init)
    HAL_GPIO_WritePin                        0x08000b35   Thumb Code    10  stm32f1xx_hal_gpio.o(i.HAL_GPIO_WritePin)
    HAL_GetTick                              0x08000b41   Thumb Code     6  stm32f1xx_hal.o(i.HAL_GetTick)
    HAL_I2C_Init                             0x08000b4d   Thumb Code   356  stm32f1xx_hal_i2c.o(i.HAL_I2C_Init)
    HAL_I2C_Mem_Read                         0x08000cc1   Thumb Code   530  stm32f1xx_hal_i2c.o(i.HAL_I2C_Mem_Read)
    HAL_I2C_Mem_Write                        0x08000ee1   Thumb Code   294  stm32f1xx_hal_i2c.o(i.HAL_I2C_Mem_Write)
    HAL_I2C_MspInit                          0x08001011   Thumb Code    80  stm32f1xx_hal_msp.o(i.HAL_I2C_MspInit)
    HAL_IncTick                              0x0800106d   Thumb Code    12  stm32f1xx_hal.o(i.HAL_IncTick)
    HAL_Init                                 0x0800107d   Thumb Code    32  stm32f1xx_hal.o(i.HAL_Init)
    HAL_InitTick                             0x080010a1   Thumb Code    54  stm32f1xx_hal.o(i.HAL_InitTick)
    HAL_MspInit                              0x080010e1   Thumb Code    52  stm32f1xx_hal_msp.o(i.HAL_MspInit)
    HAL_NVIC_EnableIRQ                       0x0800111d   Thumb Code    26  stm32f1xx_hal_cortex.o(i.HAL_NVIC_EnableIRQ)
    HAL_NVIC_SetPriority                     0x08001139   Thumb Code    60  stm32f1xx_hal_cortex.o(i.HAL_NVIC_SetPriority)
    HAL_NVIC_SetPriorityGrouping             0x08001179   Thumb Code    26  stm32f1xx_hal_cortex.o(i.HAL_NVIC_SetPriorityGrouping)
    HAL_RCC_ClockConfig                      0x0800119d   Thumb Code   280  stm32f1xx_hal_rcc.o(i.HAL_RCC_ClockConfig)
    HAL_RCC_GetPCLK1Freq                     0x080012c9   Thumb Code    20  stm32f1xx_hal_rcc.o(i.HAL_RCC_GetPCLK1Freq)
    HAL_RCC_GetPCLK2Freq                     0x080012e9   Thumb Code    20  stm32f1xx_hal_rcc.o(i.HAL_RCC_GetPCLK2Freq)
    HAL_RCC_GetSysClockFreq                  0x08001309   Thumb Code    74  stm32f1xx_hal_rcc.o(i.HAL_RCC_GetSysClockFreq)
    HAL_RCC_OscConfig                        0x08001375   Thumb Code   778  stm32f1xx_hal_rcc.o(i.HAL_RCC_OscConfig)
    HAL_SYSTICK_Config                       0x08001695   Thumb Code    40  stm32f1xx_hal_cortex.o(i.HAL_SYSTICK_Config)
    HAL_TIMEx_MasterConfigSynchronization    0x080016bd   Thumb Code    66  stm32f1xx_hal_tim_ex.o(i.HAL_TIMEx_MasterConfigSynchronization)
    HAL_TIM_Base_Init                        0x080016ff   Thumb Code    54  stm32f1xx_hal_tim.o(i.HAL_TIM_Base_Init)
    HAL_TIM_Base_MspInit                     0x08001735   Thumb Code    74  stm32f1xx_hal_msp.o(i.HAL_TIM_Base_MspInit)
    HAL_TIM_ConfigClockSource                0x0800178d   Thumb Code   214  stm32f1xx_hal_tim.o(i.HAL_TIM_ConfigClockSource)
    HAL_UART_DMAStop                         0x08001863   Thumb Code    88  stm32f1xx_hal_uart.o(i.HAL_UART_DMAStop)
    HAL_UART_ErrorCallback                   0x080018bb   Thumb Code     2  stm32f1xx_hal_uart.o(i.HAL_UART_ErrorCallback)
    HAL_UART_IRQHandler                      0x080018bd   Thumb Code   266  stm32f1xx_hal_uart.o(i.HAL_UART_IRQHandler)
    HAL_UART_Init                            0x080019cd   Thumb Code    98  stm32f1xx_hal_uart.o(i.HAL_UART_Init)
    HAL_UART_MspInit                         0x08001a31   Thumb Code   276  stm32f1xx_hal_msp.o(i.HAL_UART_MspInit)
    HAL_UART_Receive_DMA                     0x08001b65   Thumb Code   138  stm32f1xx_hal_uart.o(i.HAL_UART_Receive_DMA)
    HAL_UART_RxCpltCallback                  0x08001bfd   Thumb Code     2  stm32f1xx_hal_uart.o(i.HAL_UART_RxCpltCallback)
    HAL_UART_RxHalfCpltCallback              0x08001bff   Thumb Code     2  stm32f1xx_hal_uart.o(i.HAL_UART_RxHalfCpltCallback)
    HAL_UART_Transmit                        0x08001c01   Thumb Code   186  stm32f1xx_hal_uart.o(i.HAL_UART_Transmit)
    HAL_UART_TxCpltCallback                  0x08001cbb   Thumb Code     2  stm32f1xx_hal_uart.o(i.HAL_UART_TxCpltCallback)
    HardFault_Handler                        0x08001cbd   Thumb Code     2  stm32f1xx_it.o(i.HardFault_Handler)
    KEYPAD_Init                              0x08002065   Thumb Code    28  keypad.o(i.KEYPAD_Init)
    LED_init                                 0x08002085   Thumb Code    12  led.o(i.LED_init)
    MAIN_ConnectServer                       0x08002095   Thumb Code    40  loop.o(i.MAIN_ConnectServer)
    MAIN_DoConnectWIFI                       0x080020ed   Thumb Code    34  loop.o(i.MAIN_DoConnectWIFI)
    MAIN_Init                                0x08002115   Thumb Code    82  loop.o(i.MAIN_Init)
    MAIN_ReadSettings                        0x080021a9   Thumb Code    46  loop.o(i.MAIN_ReadSettings)
    MAIN_ToConfigMode                        0x080021dd   Thumb Code    14  loop.o(i.MAIN_ToConfigMode)
    MAIN_UI_ConnectWifi                      0x080021ed   Thumb Code   100  loop.o(i.MAIN_UI_ConnectWifi)
    MAIN_UI_ConnectWifiFailed                0x0800229d   Thumb Code    52  loop.o(i.MAIN_UI_ConnectWifiFailed)
    MAIN_UI_ConnectingWIFI                   0x08002305   Thumb Code    40  loop.o(i.MAIN_UI_ConnectingWIFI)
    MAIN_UI_InitFail                         0x08002345   Thumb Code    52  loop.o(i.MAIN_UI_InitFail)
    MemManage_Handler                        0x0800259d   Thumb Code     2  stm32f1xx_it.o(i.MemManage_Handler)
    NMI_Handler                              0x0800259f   Thumb Code     2  stm32f1xx_it.o(i.NMI_Handler)
    OLED_Clear                               0x080025a1   Thumb Code     6  oled.o(i.OLED_Clear)
    OLED_Draw12864BMP                        0x080025a7   Thumb Code    50  oled.o(i.OLED_Draw12864BMP)
    OLED_Fill                                0x080025d9   Thumb Code    56  oled.o(i.OLED_Fill)
    OLED_Init                                0x08002611   Thumb Code   200  oled.o(i.OLED_Init)
    OLED_Set_Pos                             0x080026d9   Thumb Code    38  oled.o(i.OLED_Set_Pos)
    OLED_ShowChar                            0x08002701   Thumb Code   126  oled.o(i.OLED_ShowChar)
    OLED_ShowChineseChar                     0x08002789   Thumb Code    88  oled.o(i.OLED_ShowChineseChar)
    OLED_ShowString                          0x080027e5   Thumb Code   168  oled.o(i.OLED_ShowString)
    OLED_WR_Cmd                              0x08002891   Thumb Code    30  oled.o(i.OLED_WR_Cmd)
    OLED_WR_Data                             0x080028b5   Thumb Code    30  oled.o(i.OLED_WR_Data)
    PendSV_Handler                           0x080028d9   Thumb Code     2  stm32f1xx_it.o(i.PendSV_Handler)
    SVC_Handler                              0x080028db   Thumb Code     2  stm32f1xx_it.o(i.SVC_Handler)
    SysTick_Handler                          0x080028dd   Thumb Code     4  stm32f1xx_it.o(i.SysTick_Handler)
    SystemClock_Config                       0x080028e1   Thumb Code    62  main.o(i.SystemClock_Config)
    SystemInit                               0x08002921   Thumb Code    56  system_stm32f1xx.o(i.SystemInit)
    TIM_Base_SetConfig                       0x08002969   Thumb Code    94  stm32f1xx_hal_tim.o(i.TIM_Base_SetConfig)
    TIM_ETR_SetConfig                        0x080029d5   Thumb Code    20  stm32f1xx_hal_tim.o(i.TIM_ETR_SetConfig)
    USART1_ClearRX                           0x08002d25   Thumb Code    22  esp8266.o(i.USART1_ClearRX)
    USART1_ClearTX                           0x08002d45   Thumb Code     8  esp8266.o(i.USART1_ClearTX)
    USART1_Handler                           0x08002d51   Thumb Code    82  esp8266.o(i.USART1_Handler)
    USART1_IRQHandler                        0x08002dc9   Thumb Code    18  stm32f1xx_it.o(i.USART1_IRQHandler)
    USART1_Init                              0x08002de1   Thumb Code    24  esp8266.o(i.USART1_Init)
    USART3_IRQHandler                        0x08002e01   Thumb Code     6  stm32f1xx_it.o(i.USART3_IRQHandler)
    UsageFault_Handler                       0x08002e0d   Thumb Code     2  stm32f1xx_it.o(i.UsageFault_Handler)
    __0printf$3                              0x08002e11   Thumb Code    22  printf3.o(i.__0printf$3)
    __1printf$3                              0x08002e11   Thumb Code     0  printf3.o(i.__0printf$3)
    __2printf                                0x08002e11   Thumb Code     0  printf3.o(i.__0printf$3)
    __0sprintf$3                             0x08002e31   Thumb Code    34  printf3.o(i.__0sprintf$3)
    __1sprintf$3                             0x08002e31   Thumb Code     0  printf3.o(i.__0sprintf$3)
    __2sprintf                               0x08002e31   Thumb Code     0  printf3.o(i.__0sprintf$3)
    __scatterload_copy                       0x08002e79   Thumb Code    14  handlers.o(i.__scatterload_copy)
    __scatterload_null                       0x08002e87   Thumb Code     2  handlers.o(i.__scatterload_null)
    __scatterload_zeroinit                   0x08002e89   Thumb Code    14  handlers.o(i.__scatterload_zeroinit)
    fputc                                    0x0800305d   Thumb Code    20  main.o(i.fputc)
    main                                     0x08003075   Thumb Code   178  main.o(i.main)
    ASCII_F6X8                               0x08003154   Data         552  oled_font.o(.constdata)
    ASCII_F8X16                              0x0800337c   Data        1520  oled_font.o(.constdata)
    GB162_F16                                0x0800396c   Data          35  oled_font.o(.constdata)
    INTRO_BMP                                0x0800398f   Data        1024  oled_font.o(.constdata)
    AHBPrescTable                            0x08003d8f   Data          16  system_stm32f1xx.o(.constdata)
    APBPrescTable                            0x08003d9f   Data           8  system_stm32f1xx.o(.constdata)
    Region$$Table$$Base                      0x08003da8   Number         0  anon$$obj.o(Region$$Table)
    Region$$Table$$Limit                     0x08003dc8   Number         0  anon$$obj.o(Region$$Table)
    UartReceiveFlag                          0x20000000   Data           1  esp8266.o(.data)
    UartReceiveLength                        0x20000001   Data           1  esp8266.o(.data)
    downKey                                  0x20000002   Data           1  loop.o(.data)
    currentUIMode                            0x20000003   Data           1  loop.o(.data)
    uwTickFreq                               0x20000004   Data           1  stm32f1xx_hal.o(.data)
    uwTickPrio                               0x20000008   Data           4  stm32f1xx_hal.o(.data)
    uwTick                                   0x2000000c   Data           4  stm32f1xx_hal.o(.data)
    SystemCoreClock                          0x20000010   Data           4  system_stm32f1xx.o(.data)
    __stdout                                 0x20000014   Data           4  stdout.o(.data)
    UartTxBuf                                0x20000018   Data          64  esp8266.o(.bss)
    UartRxBuf                                0x20000058   Data         256  esp8266.o(.bss)
    wifiName                                 0x20000158   Data          32  loop.o(.bss)
    wifiPassword                             0x20000178   Data          32  loop.o(.bss)
    hi2c1                                    0x20000198   Data          84  main.o(.bss)
    htim1                                    0x200001ec   Data          64  main.o(.bss)
    htim2                                    0x2000022c   Data          64  main.o(.bss)
    htim3                                    0x2000026c   Data          64  main.o(.bss)
    huart1                                   0x200002ac   Data          64  main.o(.bss)
    huart3                                   0x200002ec   Data          64  main.o(.bss)
    hdma_usart1_rx                           0x2000032c   Data          68  main.o(.bss)
    hdma_usart1_tx                           0x20000370   Data          68  main.o(.bss)
    __initial_sp                             0x200007b8   Data           0  startup_stm32f103xb.o(STACK)



==============================================================================

Memory Map of the image

  Image Entry point : 0x080000ed

  Load Region LR_IROM1 (Base: 0x08000000, Size: 0x00003de0, Max: 0x00010000, ABSOLUTE)

    Execution Region ER_IROM1 (Exec base: 0x08000000, Load base: 0x08000000, Size: 0x00003dc8, Max: 0x00010000, ABSOLUTE)

    Exec Addr    Load Addr    Size         Type   Attr      Idx    E Section Name        Object

    0x08000000   0x08000000   0x000000ec   Data   RO            3    RESET               startup_stm32f103xb.o
    0x080000ec   0x080000ec   0x00000000   Code   RO         3752  * .ARM.Collect$$$$00000000  mc_w.l(entry.o)
    0x080000ec   0x080000ec   0x00000004   Code   RO         4036    .ARM.Collect$$$$00000001  mc_w.l(entry2.o)
    0x080000f0   0x080000f0   0x00000004   Code   RO         4039    .ARM.Collect$$$$00000004  mc_w.l(entry5.o)
    0x080000f4   0x080000f4   0x00000000   Code   RO         4041    .ARM.Collect$$$$00000008  mc_w.l(entry7b.o)
    0x080000f4   0x080000f4   0x00000000   Code   RO         4043    .ARM.Collect$$$$0000000A  mc_w.l(entry8b.o)
    0x080000f4   0x080000f4   0x00000008   Code   RO         4044    .ARM.Collect$$$$0000000B  mc_w.l(entry9a.o)
    0x080000fc   0x080000fc   0x00000000   Code   RO         4046    .ARM.Collect$$$$0000000D  mc_w.l(entry10a.o)
    0x080000fc   0x080000fc   0x00000000   Code   RO         4048    .ARM.Collect$$$$0000000F  mc_w.l(entry11a.o)
    0x080000fc   0x080000fc   0x00000004   Code   RO         4037    .ARM.Collect$$$$00002712  mc_w.l(entry2.o)
    0x08000100   0x08000100   0x00000024   Code   RO            4    .text               startup_stm32f103xb.o
    0x08000124   0x08000124   0x00000024   Code   RO         3759    .text               mc_w.l(memseta.o)
    0x08000148   0x08000148   0x00000024   Code   RO         3761    .text               mc_w.l(strstr.o)
    0x0800016c   0x0800016c   0x0000000e   Code   RO         3765    .text               mc_w.l(strlen.o)
    0x0800017a   0x0800017a   0x0000001c   Code   RO         3767    .text               mc_w.l(strcmp.o)
    0x08000196   0x08000196   0x00000012   Code   RO         3769    .text               mc_w.l(strcpy.o)
    0x080001a8   0x080001a8   0x0000002c   Code   RO         4051    .text               mc_w.l(uidiv.o)
    0x080001d4   0x080001d4   0x00000024   Code   RO         4066    .text               mc_w.l(init.o)
    0x080001f8   0x080001f8   0x00000020   Code   RO           14    i.AT24C02_Read      24c02.o
    0x08000218   0x08000218   0x00000002   Code   RO          869    i.BusFault_Handler  stm32f1xx_it.o
    0x0800021a   0x0800021a   0x00000002   PAD
    0x0800021c   0x0800021c   0x0000000c   Code   RO          870    i.DMA1_Channel4_IRQHandler  stm32f1xx_it.o
    0x08000228   0x08000228   0x0000000c   Code   RO          871    i.DMA1_Channel5_IRQHandler  stm32f1xx_it.o
    0x08000234   0x08000234   0x0000002a   Code   RO         1866    i.DMA_SetConfig     stm32f1xx_hal_dma.o
    0x0800025e   0x0800025e   0x00000002   Code   RO          872    i.DebugMon_Handler  stm32f1xx_it.o
    0x08000260   0x08000260   0x00000004   Code   RO          158    i.Delay_MS          delay.o
    0x08000264   0x08000264   0x00000048   Code   RO          193    i.ESP8266_ATSendString  esp8266.o
    0x080002ac   0x080002ac   0x0000003c   Code   RO          194    i.ESP8266_Check     esp8266.o
    0x080002e8   0x080002e8   0x000000ac   Code   RO          196    i.ESP8266_ConnectAP  esp8266.o
    0x08000394   0x08000394   0x00000024   Code   RO          199    i.ESP8266_ExitUnvarnishedTrans  esp8266.o
    0x080003b8   0x080003b8   0x00000064   Code   RO          201    i.ESP8266_GetCurrentIP  esp8266.o
    0x0800041c   0x0800041c   0x0000004c   Code   RO          202    i.ESP8266_Init      esp8266.o
    0x08000468   0x08000468   0x00000198   Code   RO          205    i.ESP8266_SetConfigServer  esp8266.o
    0x08000600   0x08000600   0x00000002   Code   RO          796    i.Error_Handler     main.o
    0x08000602   0x08000602   0x0000002e   Code   RO          206    i.FindStr           esp8266.o
    0x08000630   0x08000630   0x00000046   Code   RO         1867    i.HAL_DMA_Abort     stm32f1xx_hal_dma.o
    0x08000676   0x08000676   0x00000002   PAD
    0x08000678   0x08000678   0x00000098   Code   RO         1868    i.HAL_DMA_Abort_IT  stm32f1xx_hal_dma.o
    0x08000710   0x08000710   0x00000154   Code   RO         1872    i.HAL_DMA_IRQHandler  stm32f1xx_hal_dma.o
    0x08000864   0x08000864   0x0000005c   Code   RO         1873    i.HAL_DMA_Init      stm32f1xx_hal_dma.o
    0x080008c0   0x080008c0   0x00000070   Code   RO         1877    i.HAL_DMA_Start_IT  stm32f1xx_hal_dma.o
    0x08000930   0x08000930   0x00000024   Code   RO         1495    i.HAL_Delay         stm32f1xx_hal.o
    0x08000954   0x08000954   0x000001e0   Code   RO         1803    i.HAL_GPIO_Init     stm32f1xx_hal_gpio.o
    0x08000b34   0x08000b34   0x0000000a   Code   RO         1807    i.HAL_GPIO_WritePin  stm32f1xx_hal_gpio.o
    0x08000b3e   0x08000b3e   0x00000002   PAD
    0x08000b40   0x08000b40   0x0000000c   Code   RO         1499    i.HAL_GetTick       stm32f1xx_hal.o
    0x08000b4c   0x08000b4c   0x00000174   Code   RO         1077    i.HAL_I2C_Init      stm32f1xx_hal_i2c.o
    0x08000cc0   0x08000cc0   0x00000220   Code   RO         1095    i.HAL_I2C_Mem_Read  stm32f1xx_hal_i2c.o
    0x08000ee0   0x08000ee0   0x00000130   Code   RO         1098    i.HAL_I2C_Mem_Write  stm32f1xx_hal_i2c.o
    0x08001010   0x08001010   0x0000005c   Code   RO          970    i.HAL_I2C_MspInit   stm32f1xx_hal_msp.o
    0x0800106c   0x0800106c   0x00000010   Code   RO         1505    i.HAL_IncTick       stm32f1xx_hal.o
    0x0800107c   0x0800107c   0x00000024   Code   RO         1506    i.HAL_Init          stm32f1xx_hal.o
    0x080010a0   0x080010a0   0x00000040   Code   RO         1507    i.HAL_InitTick      stm32f1xx_hal.o
    0x080010e0   0x080010e0   0x0000003c   Code   RO          971    i.HAL_MspInit       stm32f1xx_hal_msp.o
    0x0800111c   0x0800111c   0x0000001a   Code   RO         1963    i.HAL_NVIC_EnableIRQ  stm32f1xx_hal_cortex.o
    0x08001136   0x08001136   0x00000002   PAD
    0x08001138   0x08001138   0x00000040   Code   RO         1969    i.HAL_NVIC_SetPriority  stm32f1xx_hal_cortex.o
    0x08001178   0x08001178   0x00000024   Code   RO         1970    i.HAL_NVIC_SetPriorityGrouping  stm32f1xx_hal_cortex.o
    0x0800119c   0x0800119c   0x0000012c   Code   RO         1663    i.HAL_RCC_ClockConfig  stm32f1xx_hal_rcc.o
    0x080012c8   0x080012c8   0x00000020   Code   RO         1670    i.HAL_RCC_GetPCLK1Freq  stm32f1xx_hal_rcc.o
    0x080012e8   0x080012e8   0x00000020   Code   RO         1671    i.HAL_RCC_GetPCLK2Freq  stm32f1xx_hal_rcc.o
    0x08001308   0x08001308   0x0000006c   Code   RO         1672    i.HAL_RCC_GetSysClockFreq  stm32f1xx_hal_rcc.o
    0x08001374   0x08001374   0x00000320   Code   RO         1675    i.HAL_RCC_OscConfig  stm32f1xx_hal_rcc.o
    0x08001694   0x08001694   0x00000028   Code   RO         1974    i.HAL_SYSTICK_Config  stm32f1xx_hal_cortex.o
    0x080016bc   0x080016bc   0x00000042   Code   RO         3158    i.HAL_TIMEx_MasterConfigSynchronization  stm32f1xx_hal_tim_ex.o
    0x080016fe   0x080016fe   0x00000036   Code   RO         2465    i.HAL_TIM_Base_Init  stm32f1xx_hal_tim.o
    0x08001734   0x08001734   0x00000058   Code   RO          973    i.HAL_TIM_Base_MspInit  stm32f1xx_hal_msp.o
    0x0800178c   0x0800178c   0x000000d6   Code   RO         2474    i.HAL_TIM_ConfigClockSource  stm32f1xx_hal_tim.o
    0x08001862   0x08001862   0x00000058   Code   RO         3410    i.HAL_UART_DMAStop  stm32f1xx_hal_uart.o
    0x080018ba   0x080018ba   0x00000002   Code   RO         3412    i.HAL_UART_ErrorCallback  stm32f1xx_hal_uart.o
    0x080018bc   0x080018bc   0x00000110   Code   RO         3415    i.HAL_UART_IRQHandler  stm32f1xx_hal_uart.o
    0x080019cc   0x080019cc   0x00000062   Code   RO         3416    i.HAL_UART_Init     stm32f1xx_hal_uart.o
    0x08001a2e   0x08001a2e   0x00000002   PAD
    0x08001a30   0x08001a30   0x00000134   Code   RO          975    i.HAL_UART_MspInit  stm32f1xx_hal_msp.o
    0x08001b64   0x08001b64   0x00000098   Code   RO         3420    i.HAL_UART_Receive_DMA  stm32f1xx_hal_uart.o
    0x08001bfc   0x08001bfc   0x00000002   Code   RO         3422    i.HAL_UART_RxCpltCallback  stm32f1xx_hal_uart.o
    0x08001bfe   0x08001bfe   0x00000002   Code   RO         3423    i.HAL_UART_RxHalfCpltCallback  stm32f1xx_hal_uart.o
    0x08001c00   0x08001c00   0x000000ba   Code   RO         3424    i.HAL_UART_Transmit  stm32f1xx_hal_uart.o
    0x08001cba   0x08001cba   0x00000002   Code   RO         3427    i.HAL_UART_TxCpltCallback  stm32f1xx_hal_uart.o
    0x08001cbc   0x08001cbc   0x00000002   Code   RO          873    i.HardFault_Handler  stm32f1xx_it.o
    0x08001cbe   0x08001cbe   0x0000002e   Code   RO         1119    i.I2C_IsAcknowledgeFailed  stm32f1xx_hal_i2c.o
    0x08001cec   0x08001cec   0x000000e6   Code   RO         1128    i.I2C_RequestMemoryRead  stm32f1xx_hal_i2c.o
    0x08001dd2   0x08001dd2   0x00000002   PAD
    0x08001dd4   0x08001dd4   0x00000094   Code   RO         1129    i.I2C_RequestMemoryWrite  stm32f1xx_hal_i2c.o
    0x08001e68   0x08001e68   0x0000004c   Code   RO         1132    i.I2C_WaitOnBTFFlagUntilTimeout  stm32f1xx_hal_i2c.o
    0x08001eb4   0x08001eb4   0x00000068   Code   RO         1133    i.I2C_WaitOnFlagUntilTimeout  stm32f1xx_hal_i2c.o
    0x08001f1c   0x08001f1c   0x00000096   Code   RO         1134    i.I2C_WaitOnMasterAddressFlagUntilTimeout  stm32f1xx_hal_i2c.o
    0x08001fb2   0x08001fb2   0x00000066   Code   RO         1135    i.I2C_WaitOnRXNEFlagUntilTimeout  stm32f1xx_hal_i2c.o
    0x08002018   0x08002018   0x0000004c   Code   RO         1136    i.I2C_WaitOnTXEFlagUntilTimeout  stm32f1xx_hal_i2c.o
    0x08002064   0x08002064   0x00000020   Code   RO          422    i.KEYPAD_Init       keypad.o
    0x08002084   0x08002084   0x00000010   Code   RO          464    i.LED_init          led.o
    0x08002094   0x08002094   0x00000058   Code   RO          491    i.MAIN_ConnectServer  loop.o
    0x080020ec   0x080020ec   0x00000028   Code   RO          492    i.MAIN_DoConnectWIFI  loop.o
    0x08002114   0x08002114   0x00000094   Code   RO          496    i.MAIN_Init         loop.o
    0x080021a8   0x080021a8   0x00000034   Code   RO          498    i.MAIN_ReadSettings  loop.o
    0x080021dc   0x080021dc   0x0000000e   Code   RO          502    i.MAIN_ToConfigMode  loop.o
    0x080021ea   0x080021ea   0x00000002   PAD
    0x080021ec   0x080021ec   0x000000b0   Code   RO          505    i.MAIN_UI_ConnectWifi  loop.o
    0x0800229c   0x0800229c   0x00000068   Code   RO          506    i.MAIN_UI_ConnectWifiFailed  loop.o
    0x08002304   0x08002304   0x00000040   Code   RO          507    i.MAIN_UI_ConnectingWIFI  loop.o
    0x08002344   0x08002344   0x00000074   Code   RO          509    i.MAIN_UI_InitFail  loop.o
    0x080023b8   0x080023b8   0x000000e4   Code   RO          797    i.MX_GPIO_Init      main.o
    0x0800249c   0x0800249c   0x00000058   Code   RO          798    i.MX_TIM1_Init      main.o
    0x080024f4   0x080024f4   0x00000054   Code   RO          799    i.MX_TIM2_Init      main.o
    0x08002548   0x08002548   0x00000054   Code   RO          800    i.MX_TIM3_Init      main.o
    0x0800259c   0x0800259c   0x00000002   Code   RO          874    i.MemManage_Handler  stm32f1xx_it.o
    0x0800259e   0x0800259e   0x00000002   Code   RO          875    i.NMI_Handler       stm32f1xx_it.o
    0x080025a0   0x080025a0   0x00000006   Code   RO          655    i.OLED_Clear        oled.o
    0x080025a6   0x080025a6   0x00000032   Code   RO          658    i.OLED_Draw12864BMP  oled.o
    0x080025d8   0x080025d8   0x00000038   Code   RO          660    i.OLED_Fill         oled.o
    0x08002610   0x08002610   0x000000c8   Code   RO          661    i.OLED_Init         oled.o
    0x080026d8   0x080026d8   0x00000026   Code   RO          662    i.OLED_Set_Pos      oled.o
    0x080026fe   0x080026fe   0x00000002   PAD
    0x08002700   0x08002700   0x00000088   Code   RO          663    i.OLED_ShowChar     oled.o
    0x08002788   0x08002788   0x0000005c   Code   RO          664    i.OLED_ShowChineseChar  oled.o
    0x080027e4   0x080027e4   0x000000ac   Code   RO          666    i.OLED_ShowString   oled.o
    0x08002890   0x08002890   0x00000024   Code   RO          667    i.OLED_WR_Cmd       oled.o
    0x080028b4   0x080028b4   0x00000024   Code   RO          668    i.OLED_WR_Data      oled.o
    0x080028d8   0x080028d8   0x00000002   Code   RO          876    i.PendSV_Handler    stm32f1xx_it.o
    0x080028da   0x080028da   0x00000002   Code   RO          877    i.SVC_Handler       stm32f1xx_it.o
    0x080028dc   0x080028dc   0x00000004   Code   RO          878    i.SysTick_Handler   stm32f1xx_it.o
    0x080028e0   0x080028e0   0x0000003e   Code   RO          801    i.SystemClock_Config  main.o
    0x0800291e   0x0800291e   0x00000002   PAD
    0x08002920   0x08002920   0x00000048   Code   RO         3718    i.SystemInit        system_stm32f1xx.o
    0x08002968   0x08002968   0x0000006c   Code   RO         2553    i.TIM_Base_SetConfig  stm32f1xx_hal_tim.o
    0x080029d4   0x080029d4   0x00000014   Code   RO         2564    i.TIM_ETR_SetConfig  stm32f1xx_hal_tim.o
    0x080029e8   0x080029e8   0x00000010   Code   RO         2565    i.TIM_ITRx_SetConfig  stm32f1xx_hal_tim.o
    0x080029f8   0x080029f8   0x00000022   Code   RO         2571    i.TIM_TI1_ConfigInputStage  stm32f1xx_hal_tim.o
    0x08002a1a   0x08002a1a   0x00000024   Code   RO         2573    i.TIM_TI2_ConfigInputStage  stm32f1xx_hal_tim.o
    0x08002a3e   0x08002a3e   0x00000010   Code   RO         3429    i.UART_DMAAbortOnError  stm32f1xx_hal_uart.o
    0x08002a4e   0x08002a4e   0x0000004a   Code   RO         3430    i.UART_DMAError     stm32f1xx_hal_uart.o
    0x08002a98   0x08002a98   0x0000003c   Code   RO         3431    i.UART_DMAReceiveCplt  stm32f1xx_hal_uart.o
    0x08002ad4   0x08002ad4   0x0000000a   Code   RO         3433    i.UART_DMARxHalfCplt  stm32f1xx_hal_uart.o
    0x08002ade   0x08002ade   0x0000001c   Code   RO         3439    i.UART_EndRxTransfer  stm32f1xx_hal_uart.o
    0x08002afa   0x08002afa   0x00000012   Code   RO         3440    i.UART_EndTxTransfer  stm32f1xx_hal_uart.o
    0x08002b0c   0x08002b0c   0x00000096   Code   RO         3441    i.UART_Receive_IT   stm32f1xx_hal_uart.o
    0x08002ba2   0x08002ba2   0x00000002   PAD
    0x08002ba4   0x08002ba4   0x000000b8   Code   RO         3442    i.UART_SetConfig    stm32f1xx_hal_uart.o
    0x08002c5c   0x08002c5c   0x00000062   Code   RO         3443    i.UART_Transmit_IT  stm32f1xx_hal_uart.o
    0x08002cbe   0x08002cbe   0x00000064   Code   RO         3444    i.UART_WaitOnFlagUntilTimeout  stm32f1xx_hal_uart.o
    0x08002d22   0x08002d22   0x00000002   PAD
    0x08002d24   0x08002d24   0x00000020   Code   RO          207    i.USART1_ClearRX    esp8266.o
    0x08002d44   0x08002d44   0x0000000c   Code   RO          208    i.USART1_ClearTX    esp8266.o
    0x08002d50   0x08002d50   0x00000078   Code   RO          212    i.USART1_Handler    esp8266.o
    0x08002dc8   0x08002dc8   0x00000018   Code   RO          879    i.USART1_IRQHandler  stm32f1xx_it.o
    0x08002de0   0x08002de0   0x00000020   Code   RO          213    i.USART1_Init       esp8266.o
    0x08002e00   0x08002e00   0x0000000c   Code   RO          880    i.USART3_IRQHandler  stm32f1xx_it.o
    0x08002e0c   0x08002e0c   0x00000002   Code   RO          881    i.UsageFault_Handler  stm32f1xx_it.o
    0x08002e0e   0x08002e0e   0x00000002   PAD
    0x08002e10   0x08002e10   0x00000020   Code   RO         3864    i.__0printf$3       mc_w.l(printf3.o)
    0x08002e30   0x08002e30   0x00000028   Code   RO         3866    i.__0sprintf$3      mc_w.l(printf3.o)
    0x08002e58   0x08002e58   0x00000020   Code   RO         1976    i.__NVIC_SetPriority  stm32f1xx_hal_cortex.o
    0x08002e78   0x08002e78   0x0000000e   Code   RO         4076    i.__scatterload_copy  mc_w.l(handlers.o)
    0x08002e86   0x08002e86   0x00000002   Code   RO         4077    i.__scatterload_null  mc_w.l(handlers.o)
    0x08002e88   0x08002e88   0x0000000e   Code   RO         4078    i.__scatterload_zeroinit  mc_w.l(handlers.o)
    0x08002e96   0x08002e96   0x00000002   PAD
    0x08002e98   0x08002e98   0x000001b8   Code   RO         3871    i._printf_core      mc_w.l(printf3.o)
    0x08003050   0x08003050   0x0000000a   Code   RO         3873    i._sputc            mc_w.l(printf3.o)
    0x0800305a   0x0800305a   0x00000002   PAD
    0x0800305c   0x0800305c   0x00000018   Code   RO          803    i.fputc             main.o
    0x08003074   0x08003074   0x000000e0   Code   RO          804    i.main              main.o
    0x08003154   0x08003154   0x00000228   Data   RO          756    .constdata          oled_font.o
    0x0800337c   0x0800337c   0x000005f0   Data   RO          757    .constdata          oled_font.o
    0x0800396c   0x0800396c   0x00000023   Data   RO          758    .constdata          oled_font.o
    0x0800398f   0x0800398f   0x00000400   Data   RO          759    .constdata          oled_font.o
    0x08003d8f   0x08003d8f   0x00000010   Data   RO         3719    .constdata          system_stm32f1xx.o
    0x08003d9f   0x08003d9f   0x00000008   Data   RO         3720    .constdata          system_stm32f1xx.o
    0x08003da7   0x08003da7   0x00000001   PAD
    0x08003da8   0x08003da8   0x00000020   Data   RO         4074    Region$$Table       anon$$obj.o


    Execution Region RW_IRAM1 (Exec base: 0x20000000, Load base: 0x08003dc8, Size: 0x000007b8, Max: 0x00005000, ABSOLUTE)

    Exec Addr    Load Addr    Size         Type   Attr      Idx    E Section Name        Object

    0x20000000   0x08003dc8   0x00000002   Data   RW          215    .data               esp8266.o
    0x20000002   0x08003dca   0x00000002   Data   RW          512    .data               loop.o
    0x20000004   0x08003dcc   0x0000000c   Data   RW         1513    .data               stm32f1xx_hal.o
    0x20000010   0x08003dd8   0x00000004   Data   RW         3721    .data               system_stm32f1xx.o
    0x20000014   0x08003ddc   0x00000004   Data   RW         4050    .data               mc_w.l(stdout.o)
    0x20000018        -       0x00000140   Zero   RW          214    .bss                esp8266.o
    0x20000158        -       0x00000040   Zero   RW          511    .bss                loop.o
    0x20000198        -       0x00000194   Zero   RW          805    .bss                main.o
    0x2000032c        -       0x00000044   Zero   RW          806    .bss                main.o
    0x20000370        -       0x00000044   Zero   RW          807    .bss                main.o
    0x200003b4   0x08003de0   0x00000004   PAD
    0x200003b8        -       0x00000400   Zero   RW            1    STACK               startup_stm32f103xb.o


==============================================================================

Image component sizes


      Code (inc. data)   RO Data    RW Data    ZI Data      Debug   Object Name

        32          6          0          0          0     429404   24c02.o
         4          0          0          0          0        419   delay.o
      1166        384          0          2        320       8792   esp8266.o
        32          4          0          0          0        454   keypad.o
        16          4          0          0          0        383   led.o
       802        342          0          2         64       5484   loop.o
       796         94          0          0        540       5262   main.o
       822         30          0          0          0       6371   oled.o
         0          0       3131          0          0       1041   oled_font.o
        36          8        236          0       1024        784   startup_stm32f103xb.o
       164         28          0         12          0       5761   stm32f1xx_hal.o
       198         14          0          0          0      28839   stm32f1xx_hal_cortex.o
       808         36          0          0          0       4866   stm32f1xx_hal_dma.o
       490         34          0          0          0       2836   stm32f1xx_hal_gpio.o
      2152         44          0          0          0      12090   stm32f1xx_hal_i2c.o
       548         66          0          0          0       3162   stm32f1xx_hal_msp.o
      1272        100          0          0          0       5092   stm32f1xx_hal_rcc.o
       482         14          0          0          0       5795   stm32f1xx_hal_tim.o
        66          0          0          0          0       1272   stm32f1xx_hal_tim_ex.o
      1542         26          0          0          0      13039   stm32f1xx_hal_uart.o
        80         24          0          0          0       5460   stm32f1xx_it.o
        72         16         24          4          0       1131   system_stm32f1xx.o

    ----------------------------------------------------------------------
     11604       1274       3424         20       1952     547737   Object Totals
         0          0         32          0          0          0   (incl. Generated)
        24          0          1          0          4          0   (incl. Padding)

    ----------------------------------------------------------------------

      Code (inc. data)   RO Data    RW Data    ZI Data      Debug   Library Member Name

         0          0          0          0          0          0   entry.o
         0          0          0          0          0          0   entry10a.o
         0          0          0          0          0          0   entry11a.o
         8          4          0          0          0          0   entry2.o
         4          0          0          0          0          0   entry5.o
         0          0          0          0          0          0   entry7b.o
         0          0          0          0          0          0   entry8b.o
         8          4          0          0          0          0   entry9a.o
        30          0          0          0          0          0   handlers.o
        36          8          0          0          0         68   init.o
        36          0          0          0          0        108   memseta.o
       522         20          0          0          0        336   printf3.o
         0          0          0          4          0          0   stdout.o
        28          0          0          0          0         76   strcmp.o
        18          0          0          0          0         68   strcpy.o
        14          0          0          0          0         68   strlen.o
        36          0          0          0          0         80   strstr.o
        44          0          0          0          0         80   uidiv.o

    ----------------------------------------------------------------------
       788         36          0          4          0        884   Library Totals
         4          0          0          0          0          0   (incl. Padding)

    ----------------------------------------------------------------------

      Code (inc. data)   RO Data    RW Data    ZI Data      Debug   Library Name

       784         36          0          4          0        884   mc_w.l

    ----------------------------------------------------------------------
       788         36          0          4          0        884   Library Totals

    ----------------------------------------------------------------------

==============================================================================


      Code (inc. data)   RO Data    RW Data    ZI Data      Debug   

     12392       1310       3424         24       1952     542169   Grand Totals
     12392       1310       3424         24       1952     542169   ELF Image Totals
     12392       1310       3424         24          0          0   ROM Totals

==============================================================================

    Total RO  Size (Code + RO Data)                15816 (  15.45kB)
    Total RW  Size (RW Data + ZI Data)              1976 (   1.93kB)
    Total ROM Size (Code + RO Data + RW Data)      15840 (  15.47kB)

==============================================================================

